src/protocols/can_simple.c:118:1:can_simple_fdcan_rx_callback	32	static
src/protocols/can_simple.c:77:1:can_simple_parse_float	0	static
src/protocols/can_simple.c:101:1:can_simple_pack_float	0	static
src/protocols/can_simple.c:222:1:can_simple_init	24	static
src/protocols/can_simple.c:272:1:can_simple_deinit	8	static
src/protocols/can_simple.c:287:1:can_simple_flush_rx	24	static
src/protocols/can_simple.c:305:1:can_simple_set_axis_state	24	static
src/protocols/can_simple.c:333:1:can_simple_set_axis_state_nb	24	static
src/protocols/can_simple.c:358:1:can_simple_set_controller_mode	24	static
src/protocols/can_simple.c:399:1:can_simple_set_velocity	24	static
src/protocols/can_simple.c:428:1:can_simple_set_position	24	static
src/protocols/can_simple.c:458:1:can_simple_set_position_nb	24	static
src/protocols/can_simple.c:487:1:can_simple_set_input_torque	24	static
src/protocols/can_simple.c:514:1:can_simple_set_input_torque_nb	24	static
src/protocols/can_simple.c:543:1:can_simple_set_limits	24	static
src/protocols/can_simple.c:572:1:can_simple_set_traj_vel_limit	24	static
src/protocols/can_simple.c:600:1:can_simple_set_traj_accel_limits	24	static
src/protocols/can_simple.c:629:1:can_simple_set_pos_gain	24	static
src/protocols/can_simple.c:657:1:can_simple_set_vel_gains	24	static
src/protocols/can_simple.c:686:1:can_simple_set_linear_count	24	static
src/protocols/can_simple.c:717:1:can_simple_get_heartbeat	72	static
src/protocols/can_simple.c:774:1:can_simple_get_cached_heartbeat	16	static
src/protocols/can_simple.c:804:1:can_simple_get_cached_encoder	24	static
src/protocols/can_simple.c:846:1:can_simple_get_rx_timing_stats	8	static
src/protocols/can_simple.c:865:1:can_simple_reset_rx_timing_stats	0	static
src/protocols/can_simple.c:876:1:can_simple_set_encoder_callback	0	static
src/protocols/can_simple.c:884:1:can_simple_reset_encoder_cache	0	static
src/protocols/can_simple.c:898:1:can_simple_get_encoder_count	72	static
src/protocols/can_simple.c:950:1:can_simple_get_motor_error	72	static
src/protocols/can_simple.c:998:1:can_simple_get_encoder_error	72	static
src/protocols/can_simple.c:1046:1:can_simple_get_sensorless_error	72	static
src/protocols/can_simple.c:1094:1:can_simple_clear_errors	24	static
src/protocols/can_simple.c:1118:1:can_simple_estop	24	static
src/protocols/can_simple.c:1139:1:can_simple_estop_nb	24	static
src/protocols/can_simple.c:1159:1:can_simple_reboot	24	static
src/protocols/can_simple.c:1183:1:can_simple_set_timeout	0	static
src/protocols/can_simple.c:1200:1:can_simple_abort_all_tx	24	static
src/protocols/can_simple.c:1214:1:can_simple_get_cached_iq	16	static
src/protocols/can_simple.c:1244:1:can_simple_get_cached_temperature	16	static
src/protocols/can_simple.c:1274:1:can_simple_get_cached_bus_voltage_current	16	static
