src/app/cli.c:567:1:cli_cmd_valve_wall_k	16	static
src/app/cli.c:105:1:cli_cmd_help	24	static
src/app/cli.c:545:1:cli_cmd_valve_wall_c	16	static
src/app/cli.c:523:1:cli_cmd_valve_torquelimit	16	static
src/app/cli.c:611:1:cli_cmd_valve_timing	40	static
src/app/cli.c:177:1:cli_cmd_valve_stop	32	static
src/app/cli.c:200:1:cli_cmd_valve_status	16	static
src/app/cli.c:142:1:cli_cmd_valve_start	16	static
src/app/cli.c:589:1:cli_cmd_valve_scale	16	static
src/app/cli.c:1086:1:cli_cmd_valve_preset_show	32	static
src/app/cli.c:1059:1:cli_cmd_valve_preset_save	16	static
src/app/cli.c:1027:1:cli_cmd_valve_preset	16	static
src/app/cli.c:257:1:cli_cmd_valve_friction	16	static
src/app/cli.c:501:1:cli_cmd_valve_epsilon	16	static
src/app/cli.c:487:1:cli_cmd_valve_energy	8	static
src/app/cli.c:120:1:cli_cmd_valve_damping	16	static
src/app/cli.c:279:1:cli_cmd_ping	16	static
src/app/cli.c:803:1:cli_cmd_odrive_velocity	24	static
src/app/cli.c:781:1:cli_cmd_odrive_torque	24	static
src/app/cli.c:659:1:cli_cmd_odrive_status	24	static
src/app/cli.c:825:1:cli_cmd_odrive_position	24	static
src/app/cli.c:909:1:cli_cmd_odrive_pos_gain	24	static
src/app/cli.c:870:1:cli_cmd_odrive_mode	24	static
src/app/cli.c:761:1:cli_cmd_odrive_calibrate	16	static
src/app/cli.c:353:1:cli_cmd_nvm_status	88	static
src/app/cli.c:401:1:cli_cmd_http	32	static
src/app/cli.c:300:1:cli_cmd_ethstatus	88	static
src/app/cli.c:452:1:cli_cmd_eth_stream	24	static
src/app/cli.c:975:1:cli_cmd_can_telemetry	32	static
src/app/cli.c:1000:1:cli_cmd_can_status	32	static
src/app/cli.c:952:1:cli_cmd_can_encoder	24	static
src/app/cli.c:229:1:cli_cmd_fault_last	32	static
src/app/cli.c:327:1:cli_cmd_setip	16	static
src/app/cli.c:930:1:cli_cmd_odrive_vel_gains	32	static
src/app/cli.c:847:1:cli_cmd_odrive_limits	24	static
src/app/cli.c:742:1:cli_cmd_odrive_clear	16	static
src/app/cli.c:704:1:cli_cmd_odrive_disable	16	static
src/app/cli.c:685:1:cli_cmd_odrive_enable	16	static
src/app/cli.c:723:1:cli_cmd_odrive_estop	16	static
src/app/cli.c:640:1:cli_cmd_odrive_ping	16	static
src/app/cli.c:79:1:cli_find_command	24	static
src/app/cli.c:1224:1:cli_init	32	static
src/app/cli.c:1271:1:cli_run	232	static
