src/drivers/fdcan.c:147:1:fdcan_init	24	static
src/drivers/fdcan.c:297:1:fdcan_deinit	0	static
src/drivers/fdcan.c:322:1:fdcan_transmit	24	static
src/drivers/fdcan.c:401:1:fdcan_receive	12	static
src/drivers/fdcan.c:508:1:fdcan_get_rx_available	0	static
src/drivers/fdcan.c:522:1:fdcan_get_tx_free	0	static
src/drivers/fdcan.c:540:1:fdcan_get_error_count	4	static
src/drivers/fdcan.c:563:1:fdcan_get_status_regs	12	static
src/drivers/fdcan.c:589:1:fdcan_get_config_regs	4	static
src/drivers/fdcan.c:775:1:fdcan_get_handle	0	static
src/drivers/fdcan.c:784:1:fdcan_abort_all_tx	0	static
src/drivers/fdcan.c:817:1:fdcan_set_rx_callback	0	static
src/drivers/fdcan.c:836:1:fdcan_set_error_callback	0	static
src/drivers/fdcan.c:852:1:fdcan_enable_interrupts	4	static
src/drivers/fdcan.c:888:1:FDCAN1_IT0_IRQHandler	48	static
src/drivers/fdcan.c:996:1:fdcan_get_error_counters	4	static
src/drivers/fdcan.c:1019:1:fdcan_get_protocol_status	0	static
src/drivers/fdcan.c:1042:1:fdcan_set_std_range_filter	8	static
