Archive member included to satisfy reference by file (symbol)

/usr/lib/gcc/arm-none-eabi/13.2.1/../../../arm-none-eabi/lib/thumb/v7e-m+dp/hard/libc_nano.a(libc_a-sprintf.o)
                              my_build/stm32h7xx_it.o (sprintf)
/usr/lib/gcc/arm-none-eabi/13.2.1/../../../arm-none-eabi/lib/thumb/v7e-m+dp/hard/libc_nano.a(libc_a-strstr.o)
                              my_build/http_server.o (strstr)
/usr/lib/gcc/arm-none-eabi/13.2.1/../../../arm-none-eabi/lib/thumb/v7e-m+dp/hard/libc_nano.a(libc_a-rand.o)
                              my_build/tcp.o (rand)
/usr/lib/gcc/arm-none-eabi/13.2.1/../../../arm-none-eabi/lib/thumb/v7e-m+dp/hard/libc_nano.a(libc_a-strchr.o)
                              /usr/lib/gcc/arm-none-eabi/13.2.1/../../../arm-none-eabi/lib/thumb/v7e-m+dp/hard/libc_nano.a(libc_a-strstr.o) (strchr)
/usr/lib/gcc/arm-none-eabi/13.2.1/../../../arm-none-eabi/lib/thumb/v7e-m+dp/hard/libc_nano.a(libc_a-assert.o)
                              /usr/lib/gcc/arm-none-eabi/13.2.1/../../../arm-none-eabi/lib/thumb/v7e-m+dp/hard/libc_nano.a(libc_a-rand.o) (__assert_func)
/usr/lib/gcc/arm-none-eabi/13.2.1/../../../arm-none-eabi/lib/thumb/v7e-m+dp/hard/libc_nano.a(libc_a-vsnprintf.o)
                              my_build/uart.o (vsnprintf)
/usr/lib/gcc/arm-none-eabi/13.2.1/../../../arm-none-eabi/lib/thumb/v7e-m+dp/hard/libc_nano.a(libc_a-strtod.o)
                              my_build/cli.o (strtof)
/usr/lib/gcc/arm-none-eabi/13.2.1/../../../arm-none-eabi/lib/thumb/v7e-m+dp/hard/libc_nano.a(libc_a-impure.o)
                              /usr/lib/gcc/arm-none-eabi/13.2.1/../../../arm-none-eabi/lib/thumb/v7e-m+dp/hard/libc_nano.a(libc_a-sprintf.o) (_impure_ptr)
/usr/lib/gcc/arm-none-eabi/13.2.1/../../../arm-none-eabi/lib/thumb/v7e-m+dp/hard/libc_nano.a(libc_a-nano-svfprintf.o)
                              /usr/lib/gcc/arm-none-eabi/13.2.1/../../../arm-none-eabi/lib/thumb/v7e-m+dp/hard/libc_nano.a(libc_a-sprintf.o) (_svfprintf_r)
/usr/lib/gcc/arm-none-eabi/13.2.1/../../../arm-none-eabi/lib/thumb/v7e-m+dp/hard/libc_nano.a(libc_a-strcspn.o)
                              my_build/stream_server.o (strcspn)
/usr/lib/gcc/arm-none-eabi/13.2.1/../../../arm-none-eabi/lib/thumb/v7e-m+dp/hard/libc_nano.a(libc_a-gdtoa-gethex.o)
                              /usr/lib/gcc/arm-none-eabi/13.2.1/../../../arm-none-eabi/lib/thumb/v7e-m+dp/hard/libc_nano.a(libc_a-strtod.o) (__gethex)
/usr/lib/gcc/arm-none-eabi/13.2.1/../../../arm-none-eabi/lib/thumb/v7e-m+dp/hard/libc_nano.a(libc_a-strtoul.o)
                              my_build/cli.o (strtoul)
/usr/lib/gcc/arm-none-eabi/13.2.1/../../../arm-none-eabi/lib/thumb/v7e-m+dp/hard/libc_nano.a(libc_a-init.o)
                              /usr/lib/gcc/arm-none-eabi/13.2.1/../../../arm-none-eabi/lib/thumb/v7e-m+dp/hard/crt0.o (__libc_init_array)
/usr/lib/gcc/arm-none-eabi/13.2.1/../../../arm-none-eabi/lib/thumb/v7e-m+dp/hard/libc_nano.a(libc_a-abort.o)
                              /usr/lib/gcc/arm-none-eabi/13.2.1/../../../arm-none-eabi/lib/thumb/v7e-m+dp/hard/libc_nano.a(libc_a-assert.o) (abort)
/usr/lib/gcc/arm-none-eabi/13.2.1/../../../arm-none-eabi/lib/thumb/v7e-m+dp/hard/libc_nano.a(libc_a-strlen.o)
                              my_build/uart.o (strlen)
/usr/lib/gcc/arm-none-eabi/13.2.1/../../../arm-none-eabi/lib/thumb/v7e-m+dp/hard/libc_nano.a(libc_a-memset.o)
                              /usr/lib/gcc/arm-none-eabi/13.2.1/../../../arm-none-eabi/lib/thumb/v7e-m+dp/hard/crt0.o (memset)
/usr/lib/gcc/arm-none-eabi/13.2.1/../../../arm-none-eabi/lib/thumb/v7e-m+dp/hard/libc_nano.a(libc_a-errno.o)
                              /usr/lib/gcc/arm-none-eabi/13.2.1/../../../arm-none-eabi/lib/thumb/v7e-m+dp/hard/libc_nano.a(libc_a-strtod.o) (__errno)
/usr/lib/gcc/arm-none-eabi/13.2.1/../../../arm-none-eabi/lib/thumb/v7e-m+dp/hard/libc_nano.a(libc_a-nano-vfprintf_float.o)
                              /usr/lib/gcc/arm-none-eabi/13.2.1/../../../arm-none-eabi/lib/thumb/v7e-m+dp/hard/libc_nano.a(libc_a-nano-svfprintf.o) (_printf_float)
/usr/lib/gcc/arm-none-eabi/13.2.1/../../../arm-none-eabi/lib/thumb/v7e-m+dp/hard/libc_nano.a(libc_a-locale.o)
                              /usr/lib/gcc/arm-none-eabi/13.2.1/../../../arm-none-eabi/lib/thumb/v7e-m+dp/hard/libc_nano.a(libc_a-strtod.o) (__global_locale)
/usr/lib/gcc/arm-none-eabi/13.2.1/../../../arm-none-eabi/lib/thumb/v7e-m+dp/hard/libc_nano.a(libc_a-mallocr.o)
                              /usr/lib/gcc/arm-none-eabi/13.2.1/../../../arm-none-eabi/lib/thumb/v7e-m+dp/hard/libc_nano.a(libc_a-nano-svfprintf.o) (_malloc_r)
/usr/lib/gcc/arm-none-eabi/13.2.1/../../../arm-none-eabi/lib/thumb/v7e-m+dp/hard/libc_nano.a(libc_a-dtoa.o)
                              /usr/lib/gcc/arm-none-eabi/13.2.1/../../../arm-none-eabi/lib/thumb/v7e-m+dp/hard/libc_nano.a(libc_a-nano-vfprintf_float.o) (_dtoa_r)
/usr/lib/gcc/arm-none-eabi/13.2.1/../../../arm-none-eabi/lib/thumb/v7e-m+dp/hard/libc_nano.a(libc_a-freer.o)
[...]
Memory Configuration

Name             Origin             Length             Attributes
FLASH            0x08000000         0x00200000         xr
NVM              0x081c0000         0x00010000         xrw
NETWORK_CONFIG   0x081a0000         0x00010000         xrw
ITCMRAM          0x00000000         0x00010000         xrw
DTCMRAM          0x20000000         0x00020000         xrw
RAM_D1           0x24000000         0x00080000         xrw
RAM_D2           0x30000000         0x00048000         xrw
RAM_D3           0x38000000         0x00010000         xrw
*default*        0x00000000         0xffffffff

Linker script and memory map

LOAD /usr/lib/gcc/arm-none-eabi/13.2.1/thumb/v7e-m+dp/hard/crti.o
LOAD /usr/lib/gcc/arm-none-eabi/13.2.1/thumb/v7e-m+dp/hard/crtbegin.o
LOAD /usr/lib/gcc/arm-none-eabi/13.2.1/../../../arm-none-eabi/lib/thumb/v7e-m+dp/hard/crt0.o
LOAD my_build/main.o
LOAD my_build/board.o
LOAD my_build/mpu_config.o
LOAD my_build/system_stm32h7xx.o
LOAD my_build/uart.o
LOAD my_build/fdcan.o
LOAD my_build/flash_utils.o
LOAD my_build/cli.o
LOAD my_build/can_simple.o
LOAD my_build/valve_haptic.o
LOAD my_build/valve_physics.o
LOAD my_build/valve_presets.o
LOAD my_build/valve_nvm.o
LOAD my_build/valve_filters.o
LOAD my_build/valve_manager.o
LOAD my_build/odrive_manager.o
LOAD my_build/stm32h7xx_it.o
LOAD my_build/syscalls.o
LOAD my_build/net_init.o
LOAD my_build/stream_server.o
LOAD my_build/http_server.o
LOAD my_build/rest_api.o
LOAD my_build/ping.o
LOAD my_build/network_manager.o
LOAD my_build/network_nvm.o
LOAD my_build/system_manager.o
LOAD my_build/status_strings.o
LOAD my_build/ethernetif.o
LOAD my_build/sys_arch.o
LOAD my_build/init.o
LOAD my_build/def.o
LOAD my_build/dns.o
LOAD my_build/inet_chksum.o
LOAD my_build/ip.o
LOAD my_build/mem.o
LOAD my_build/memp.o
LOAD my_build/netif.o
LOAD my_build/pbuf.o
LOAD my_build/raw.o
LOAD my_build/stats.o
LOAD my_build/sys.o
LOAD my_build/tcp.o
LOAD my_build/tcp_in.o
LOAD my_build/tcp_out.o
LOAD my_build/timeouts.o
LOAD my_build/udp.o
LOAD my_build/ethernet.o
LOAD my_build/etharp.o
LOAD my_build/ip4.o
LOAD my_build/ip4_addr.o
LOAD my_build/icmp.o
LOAD my_build/ip4_frag.o
LOAD my_build/dhcp.o
LOAD my_build/stm32h7xx_hal.o
LOAD my_build/stm32h7xx_hal_rcc.o
LOAD my_build/stm32h7xx_hal_gpio.o
LOAD my_build/stm32h7xx_hal_cortex.o
LOAD my_build/stm32h7xx_hal_flash.o
LOAD my_build/stm32h7xx_hal_flash_ex.o
LOAD my_build/stm32h7xx_hal_eth.o
LOAD my_build/stm32h7xx_hal_eth_ex.o
LOAD my_build/lan8742.o
LOAD my_build/arm_cos_f32.o
LOAD my_build/arm_sin_f32.o
LOAD my_build/arm_biquad_cascade_df1_f32.o
LOAD my_build/arm_biquad_cascade_df1_init_f32.o
LOAD my_build/arm_fir_f32.o
LOAD my_build/arm_fir_init_f32.o
LOAD my_build/arm_copy_f32.o
LOAD my_build/arm_fill_f32.o
LOAD my_build/startup_stm32h753xihx.o
LOAD /usr/lib/gcc/arm-none-eabi/13.2.1/../../../arm-none-eabi/lib/thumb/v7e-m+dp/hard/libc_nano.a
LOAD /usr/lib/gcc/arm-none-eabi/13.2.1/../../../arm-none-eabi/lib/thumb/v7e-m+dp/hard/libm.a
LOAD /usr/lib/gcc/arm-none-eabi/13.2.1/../../../arm-none-eabi/lib/thumb/v7e-m+dp/hard/libnosys.a
START GROUP
LOAD /usr/lib/gcc/arm-none-eabi/13.2.1/thumb/v7e-m+dp/hard/libgcc.a
LOAD /usr/lib/gcc/arm-none-eabi/13.2.1/../../../arm-none-eabi/lib/thumb/v7e-m+dp/hard/libc_nano.a
END GROUP
START GROUP
LOAD /usr/lib/gcc/arm-none-eabi/13.2.1/thumb/v7e-m+dp/hard/libgcc.a
LOAD /usr/lib/gcc/arm-none-eabi/13.2.1/../../../arm-none-eabi/lib/thumb/v7e-m+dp/hard/libc_nano.a
END GROUP
LOAD /usr/lib/gcc/arm-none-eabi/13.2.1/thumb/v7e-m+dp/hard/crtend.o
LOAD /usr/lib/gcc/arm-none-eabi/13.2.1/thumb/v7e-m+dp/hard/crtn.o
                0x00004000                        __STACK_SIZE = 0x4000
                0x00002000                        __HEAP_SIZE = 0x2000
                0x20020000                        _estack = (ORIGIN (DTCMRAM) + LENGTH (DTCMRAM))

.isr_vector     0x08000000      0x298
                0x08000000                        . = ALIGN (0x4)
 *(.isr_vector)
 .isr_vector    0x08000000      0x298 my_build/startup_stm32h753xihx.o
                0x08000000                g_pfnVectors
                0x08000298                        . = ALIGN (0x4)

.text           0x080002c0    0x18698
                0x080002c0                        . = ALIGN (0x4)
 *(.text)
 .text          0x080002c0       0x88 /usr/lib/gcc/arm-none-eabi/13.2.1/thumb/v7e-m+dp/hard/crtbegin.o
 .text          0x08000348       0x80 /usr/lib/gcc/arm-none-eabi/13.2.1/../../../arm-none-eabi/lib/thumb/v7e-m+dp/hard/libc_nano.a(libc_a-sprintf.o)
                0x08000348                _siprintf_r
                0x08000348                _sprintf_r
                0x08000384                sprintf
                0x08000384                siprintf
 .text          0x080003c8      0x5bc /usr/lib/gcc/arm-none-eabi/13.2.1/../../../arm-none-eabi/lib/thumb/v7e-m+dp/hard/libc_nano.a(libc_a-strstr.o)
                0x08000818                strstr
 *fill*         0x08000984        0x4 
 .text          0x08000988       0xfc /usr/lib/gcc/arm-none-eabi/13.2.1/../../../arm-none-eabi/lib/thumb/v7e-m+dp/hard/libc_nano.a(libc_a-rand.o)
                0x08000988                srand
                0x080009ec                rand
 .text          0x08000a84       0xd0 /usr/lib/gcc/arm-none-eabi/13.2.1/../../../arm-none-eabi/lib/thumb/v7e-m+dp/hard/libc_nano.a(libc_a-strchr.o)
                0x08000a84                strchr
 .text          0x08000b54       0x4c /usr/lib/gcc/arm-none-eabi/13.2.1/../../../arm-none-eabi/lib/thumb/v7e-m+dp/hard/libc_nano.a(libc_a-assert.o)
                0x08000b54                __assert_func
                0x08000b94                __assert
 .text          0x08000ba0       0xec /usr/lib/gcc/arm-none-eabi/13.2.1/../../../arm-none-eabi/lib/thumb/v7e-m+dp/hard/libc_nano.a(libc_a-vsnprintf.o)
                0x08000ba0                vsnprintf
                0x08000ba0                vsniprintf
                0x08000c18                _vsnprintf_r
                0x08000c18                _vsniprintf_r
 *fill*         0x08000c8c        0x4 
 .text          0x08000c90     0x1064 /usr/lib/gcc/arm-none-eabi/13.2.1/../../../arm-none-eabi/lib/thumb/v7e-m+dp/hard/libc_nano.a(libc_a-strtod.o)
                0x08000c90                _strtod_l
                0x08001b8c                _strtod_r
                0x08001b98                strtod_l
                0x08001bb4                strtod
                0x08001bd4                strtof_l
                0x08001c54                strtof
 .text          0x08001cf4      0x400 /usr/lib/gcc/arm-none-eabi/13.2.1/../../../arm-none-eabi/lib/thumb/v7e-m+dp/hard/libc_nano.a(libc_a-nano-svfprintf.o)
                0x08001cf4                __ssputs_r
                0x08001db4                __ssprint_r
                0x08001ebc                _svfprintf_r
                0x08001ebc                _svfiprintf_r
 .text          0x080020f4       0x3c /usr/lib/gcc/arm-none-eabi/13.2.1/../../../arm-none-eabi/lib/thumb/v7e-m+dp/hard/libc_nano.a(libc_a-strcspn.o)
                0x080020f4                strcspn
 .text          0x08002130      0x630 /usr/lib/gcc/arm-none-eabi/13.2.1/../../../arm-none-eabi/lib/thumb/v7e-m+dp/hard/libc_nano.a(libc_a-gdtoa-gethex.o)
                0x080021d4                __gethex
 .text          0x08002760      0x168 /usr/lib/gcc/arm-none-eabi/13.2.1/../../../arm-none-eabi/lib/thumb/v7e-m+dp/hard/libc_nano.a(libc_a-strtoul.o)
                0x08002894                _strtoul_r
                0x08002898                strtoul_l
                0x080028b0                strtoul
 .text          0x080028c8       0x50 /usr/lib/gcc/arm-none-eabi/13.2.1/../../../arm-none-eabi/lib/thumb/v7e-m+dp/hard/libc_nano.a(libc_a-init.o)
                0x080028c8                __libc_init_array
 .text          0x08002918       0x10 /usr/lib/gcc/arm-none-eabi/13.2.1/../../../arm-none-eabi/lib/thumb/v7e-m+dp/hard/libc_nano.a(libc_a-abort.o)
                0x08002918                abort
 *fill*         0x08002928       0x18 
 .text          0x08002940       0xd8 /usr/lib/gcc/arm-none-eabi/13.2.1/../../../arm-none-eabi/lib/thumb/v7e-m+dp/hard/libc_nano.a(libc_a-strlen.o)
                0x08002940                strlen
 .text          0x08002a18       0xa4 /usr/lib/gcc/arm-none-eabi/13.2.1/../../../arm-none-eabi/lib/thumb/v7e-m+dp/hard/libc_nano.a(libc_a-memset.o)
                0x08002a18                memset
 .text          0x08002abc        0xc /usr/lib/gcc/arm-none-eabi/13.2.1/../../../arm-none-eabi/lib/thumb/v7e-m+dp/hard/libc_nano.a(libc_a-errno.o)
                0x08002abc                __errno
 .text          0x08002ac8      0x650 /usr/lib/gcc/arm-none-eabi/13.2.1/../../../arm-none-eabi/lib/thumb/v7e-m+dp/hard/libc_nano.a(libc_a-nano-vfprintf_float.o)
                0x08002ac8                __cvt
                0x08002bc0                __exponent
                0x08002c44                _printf_float
 .text          0x08003118      0x148 /usr/lib/gcc/arm-none-eabi/13.2.1/../../../arm-none-eabi/lib/thumb/v7e-m+dp/hard/libc_nano.a(libc_a-mallocr.o)
                0x08003160                _malloc_r
 .text          0x08003260      0xe00 /usr/lib/gcc/arm-none-eabi/13.2.1/../../../arm-none-eabi/lib/thumb/v7e-m+dp/hard/libc_nano.a(libc_a-dtoa.o)
                0x0800338c                _dtoa_r
 .text          0x08004060       0xbc /usr/lib/gcc/arm-none-eabi/13.2.1/../../../arm-none-eabi/lib/thumb/v7e-m+dp/hard/libc_nano.a(libc_a-freer.o)
                0x08004060                _free_r
 .text          0x0800411c      0x100 /usr/lib/gcc/arm-none-eabi/13.2.1/../../../arm-none-eabi/lib/thumb/v7e-m+dp/hard/libc_nano.a(libc_a-memmove.o)
                0x0800411c                memmove
 .text          0x0800421c       0x10 /usr/lib/gcc/arm-none-eabi/13.2.1/../../../arm-none-eabi/lib/thumb/v7e-m+dp/hard/libc_nano.a(libc_a-atoi.o)
                0x0800421c                atoi
                0x08004224                _atoi_r
 .text          0x0800422c      0x16c /usr/lib/gcc/arm-none-eabi/13.2.1/../../../arm-none-eabi/lib/thumb/v7e-m+dp/hard/libc_nano.a(libc_a-strtol.o)
                0x08004364                _strtol_r
                0x08004368                strtol_l
                0x08004380                strtol
 .text          0x08004398       0x30 /usr/lib/gcc/arm-none-eabi/13.2.1/../../../arm-none-eabi/lib/thumb/v7e-m+dp/hard/libc_nano.a(libc_a-wctomb_r.o)
                0x08004398                _wctomb_r
                0x080043ac                __ascii_wctomb
 *fill*         0x080043c8        0x8 
 .text          0x080043d0       0xa0 /usr/lib/gcc/arm-none-eabi/13.2.1/../../../arm-none-eabi/lib/thumb/v7e-m+dp/hard/libc_nano.a(libc_a-memchr.o)
                0x080043d0                memchr
 .text          0x08004470      0x134 /usr/lib/gcc/arm-none-eabi/13.2.1/../../../arm-none-eabi/lib/thumb/v7e-m+dp/hard/libc_nano.a(libc_a-memcpy.o)
                0x08004470                memcpy
 .text          0x080045a4       0x20 /usr/lib/gcc/arm-none-eabi/13.2.1/../../../arm-none-eabi/lib/thumb/v7e-m+dp/hard/libc_nano.a(libc_a-malloc.o)
                0x080045a4                malloc
                0x080045b4                free
 .text          0x080045c4      0x484 /usr/lib/gcc/arm-none-eabi/13.2.1/../../../arm-none-eabi/lib/thumb/v7e-m+dp/hard/libc_nano.a(libc_a-nano-vfscanf_float.o)
                0x080045c4                _scanf_float
 .text          0x08004a48       0x68 /usr/lib/gcc/arm-none-eabi/13.2.1/../../../arm-none-eabi/lib/thumb/v7e-m+dp/hard/libc_nano.a(libc_a-strncpy.o)
                0x08004a48                strncpy
 .text          0x08004ab0       0x44 /usr/lib/gcc/arm-none-eabi/13.2.1/../../../arm-none-eabi/lib/thumb/v7e-m+dp/hard/libc_nano.a(libc_a-fprintf.o)
                0x08004ab0                _fprintf_r
                0x08004ab0                _fiprintf_r
                0x08004acc                fprintf
                0x08004acc                fiprintf
 .text          0x08004af4       0x74 /usr/lib/gcc/arm-none-eabi/13.2.1/../../../arm-none-eabi/lib/thumb/v7e-m+dp/hard/libc_nano.a(libc_a-strtok.o)
                0x08004af4                strtok
 .text          0x08004b68       0x64 /usr/lib/gcc/arm-none-eabi/13.2.1/../../../arm-none-eabi/lib/thumb/v7e-m+dp/hard/libc_nano.a(libc_a-reallocr.o)
                0x08004b68                _realloc_r
 .text          0x08004bcc      0x3a8 /usr/lib/gcc/arm-none-eabi/13.2.1/../../../arm-none-eabi/lib/thumb/v7e-m+dp/hard/libc_nano.a(libc_a-nano-vfprintf_i.o)
                0x08004bcc                _printf_common
                0x08004cf0                _printf_i
 .text          0x08004f74        0x8 /usr/lib/gcc/arm-none-eabi/13.2.1/../../../arm-none-eabi/lib/thumb/v7e-m+dp/hard/libc_nano.a(libc_a-mlock.o)
                0x08004f74                __malloc_lock
                0x08004f78                __malloc_unlock
 .text          0x08004f7c       0x8c /usr/lib/gcc/arm-none-eabi/13.2.1/../../../arm-none-eabi/lib/thumb/v7e-m+dp/hard/libc_nano.a(libc_a-strncmp.o)
                0x08004f7c                strncmp
 *fill*         0x08005008       0x18 
 .text          0x08005020      0x2e0 /usr/lib/gcc/arm-none-eabi/13.2.1/../../../arm-none-eabi/lib/thumb/v7e-m+dp/hard/libc_nano.a(libc_a-strcmp.o)
                0x08005020                strcmp
 .text          0x08005300      0x114 /usr/lib/gcc/arm-none-eabi/13.2.1/../../../arm-none-eabi/lib/thumb/v7e-m+dp/hard/libc_nano.a(libc_a-snprintf.o)
                0x08005300                _sniprintf_r
                0x08005300                _snprintf_r
                0x08005384                snprintf
                0x08005384                sniprintf
 .text          0x08005414      0x204 /usr/lib/gcc/arm-none-eabi/13.2.1/../../../arm-none-eabi/lib/thumb/v7e-m+dp/hard/libc_nano.a(libc_a-gdtoa-hexnan.o)
                0x08005414                __match
                0x0800544c                __hexnan
 .text          0x08005618       0x5c /usr/lib/gcc/arm-none-eabi/13.2.1/../../../arm-none-eabi/lib/thumb/v7e-m+dp/hard/libc_nano.a(libc_a-memcmp.o)
                0x08005618                memcmp
 .text          0x08005674       0x24 /usr/lib/gcc/arm-none-eabi/13.2.1/../../../arm-none-eabi/lib/thumb/v7e-m+dp/hard/libc_nano.a(libc_a-strnlen.o)
                0x08005674                strnlen
 .text          0x08005698       0x48 /usr/lib/gcc/arm-none-eabi/13.2.1/../../../arm-none-eabi/lib/thumb/v7e-m+dp/hard/libc_nano.a(libc_a-printf.o)
                0x08005698                _printf_r
                0x08005698                _iprintf_r
                0x080056b8                printf
                0x080056b8                iprintf
 .text          0x080056e0      0x314 /usr/lib/gcc/arm-none-eabi/13.2.1/../../../arm-none-eabi/lib/thumb/v7e-m+dp/hard/libc_nano.a(libc_a-nano-vfprintf.o)
                0x0800571c                __sfputs_r
                0x0800574c                __sprint_r
                0x0800576c                _vfiprintf_r
                0x0800576c                _vfprintf_r
                0x080059d8                vfiprintf
                0x080059d8                vfprintf
 .text          0x080059f4       0xa0 /usr/lib/gcc/arm-none-eabi/13.2.1/../../../arm-none-eabi/lib/thumb/v7e-m+dp/hard/libc_nano.a(libc_a-wbuf.o)
                0x080059f4                __swbuf_r
                0x08005a7c                __swbuf
 *fill*         0x08005a94        0x4 
 .text          0x08005a98       0x10 /usr/lib/gcc/arm-none-eabi/13.2.1/../../../arm-none-eabi/lib/thumb/v7e-m+dp/hard/libc_nano.a(libm_a-s_nan.o)
                0x08005a98                nan
 .text          0x08005aa8        0xc /usr/lib/gcc/arm-none-eabi/13.2.1/../../../arm-none-eabi/lib/thumb/v7e-m+dp/hard/libc_nano.a(libm_a-sf_nan.o)
                0x08005aa8                nanf
 .text          0x08005ab4      0xafc /usr/lib/gcc/arm-none-eabi/13.2.1/../../../arm-none-eabi/lib/thumb/v7e-m+dp/hard/libc_nano.a(libc_a-mprec.o)
                0x08005ab4                _Balloc
                0x08005b34                _Bfree
                0x08005b7c                __multadd
                0x08005c18                __s2b
                0x08005ccc                __hi0bits
                0x08005d10                __lo0bits
                0x08005d70                __i2b
                0x08005d9c                __multiply
                0x08005f08                __pow5mult
                0x08005fe8                __lshift
                0x080060d0                __mcmp
                0x08006114                __mdiff
                0x0800628c                __ulp
                0x080062f0                __b2d
                0x080063ac                __d2b
                0x0800646c                __ratio
                0x080064d0                _mprec_log10
                0x080064f8                __copybits
                0x08006554                __any_on
 .text          0x080065b0       0x24 /usr/lib/gcc/arm-none-eabi/13.2.1/../../../arm-none-eabi/lib/thumb/v7e-m+dp/hard/libc_nano.a(libc_a-sbrkr.o)
                0x080065b0                _sbrk_r
 .text          0x080065d4       0x10 /usr/lib/gcc/arm-none-eabi/13.2.1/../../../arm-none-eabi/lib/thumb/v7e-m+dp/hard/libc_nano.a(libc_a-msizer.o)
                0x080065d4                _malloc_usable_size_r
 .text          0x080065e4       0x14 /usr/lib/gcc/arm-none-eabi/13.2.1/../../../arm-none-eabi/lib/thumb/v7e-m+dp/hard/libc_nano.a(libc_a-localeconv.o)
                0x080065e4                __localeconv_l
                0x080065e8                _localeconv_r
                0x080065f0                localeconv
 .text          0x080065f8      0x300 /usr/lib/gcc/arm-none-eabi/13.2.1/../../../arm-none-eabi/lib/thumb/v7e-m+dp/hard/libc_nano.a(libc_a-fvwrite.o)
                0x080065f8                __sfvwrite_r
 .text          0x080068f8       0x40 /usr/lib/gcc/arm-none-eabi/13.2.1/../../../arm-none-eabi/lib/thumb/v7e-m+dp/hard/libc_nano.a(libc_a-mbtowc_r.o)
                0x080068f8                _mbtowc_r
                0x0800690c                __ascii_mbtowc
 .text          0x08006938      0x260 /usr/lib/gcc/arm-none-eabi/13.2.1/../../../arm-none-eabi/lib/thumb/v7e-m+dp/hard/libc_nano.a(libc_a-signal.o)
                0x08006938                _init_signal_r
                0x08006964                _signal_r
                0x080069b0                _raise_r
                0x08006a00                __sigtramp_r
                0x08006a60                raise
                0x08006ab4                signal
                0x08006b00                _init_signal
                0x08006b34                __sigtramp
 .text          0x08006b98      0x224 /usr/lib/gcc/arm-none-eabi/13.2.1/../../../arm-none-eabi/lib/thumb/v7e-m+dp/hard/libc_nano.a(libc_a-findfp.o)
                0x08006cc8                __sfp
                0x08006d6c                __sinit
                0x08006d8c                __sfp_lock_acquire
                0x08006d90                __sfp_lock_release
                0x08006d94                __fp_lock_all
                0x08006da8                __fp_unlock_all
 .text          0x08006dbc      0x1a8 /usr/lib/gcc/arm-none-eabi/13.2.1/../../../arm-none-eabi/lib/thumb/v7e-m+dp/hard/libc_nano.a(libc_a-fflush.o)
                0x08006dbc                __sflush_r
                0x08006ee0                _fflush_r
                0x08006f18                fflush
 .text          0x08006f64       0x6c /usr/lib/gcc/arm-none-eabi/13.2.1/../../../arm-none-eabi/lib/thumb/v7e-m+dp/hard/libc_nano.a(libc_a-strtok_r.o)
                0x08006f64                __strtok_r
                0x08006fc8                strtok_r
 .text          0x08006fd0       0x28 /usr/lib/gcc/arm-none-eabi/13.2.1/../../../arm-none-eabi/lib/thumb/v7e-m+dp/hard/libc_nano.a(libc_a-callocr.o)
                0x08006fd0                _calloc_r
 .text          0x08006ff8       0x44 /usr/lib/gcc/arm-none-eabi/13.2.1/../../../arm-none-eabi/lib/thumb/v7e-m+dp/hard/libc_nano.a(libc_a-fwalk.o)
                0x08006ff8                _fwalk_sglue
 .text          0x0800703c       0xc4 /usr/lib/gcc/arm-none-eabi/13.2.1/../../../arm-none-eabi/lib/thumb/v7e-m+dp/hard/libc_nano.a(libc_a-wsetup.o)
                0x0800703c                __swsetup_r
 .text          0x08007100      0x114 /usr/lib/gcc/arm-none-eabi/13.2.1/../../../arm-none-eabi/lib/thumb/v7e-m+dp/hard/libc_nano.a(libc_a-makebuf.o)
                0x08007100                __smakebuf_r
                0x080071c4                __swhatbuf_r
 .text          0x08007214       0x24 /usr/lib/gcc/arm-none-eabi/13.2.1/../../../arm-none-eabi/lib/thumb/v7e-m+dp/hard/libc_nano.a(libc_a-isattyr.o)
                0x08007214                _isatty_r
 .text          0x08007238       0x94 /usr/lib/gcc/arm-none-eabi/13.2.1/../../../arm-none-eabi/lib/thumb/v7e-m+dp/hard/libc_nano.a(libc_a-stdio.o)
                0x08007238                __sread
                0x0800725c                __seofread
                0x08007260                __swrite
                0x080072a0                __sseek
                0x080072c4                __sclose
 .text          0x080072cc       0x30 /usr/lib/gcc/arm-none-eabi/13.2.1/../../../arm-none-eabi/lib/thumb/v7e-m+dp/hard/libc_nano.a(libc_a-signalr.o)
                0x080072cc                _kill_r
                0x080072f8                _getpid_r
 .text          0x080072fc       0x24 /usr/lib/gcc/arm-none-eabi/13.2.1/../../../arm-none-eabi/lib/thumb/v7e-m+dp/hard/libc_nano.a(libc_a-closer.o)
                0x080072fc                _close_r
 .text          0x08007320       0x2c /usr/lib/gcc/arm-none-eabi/13.2.1/../../../arm-none-eabi/lib/thumb/v7e-m+dp/hard/libc_nano.a(libc_a-readr.o)
                0x08007320                _read_r
 .text          0x0800734c       0x2c /usr/lib/gcc/arm-none-eabi/13.2.1/../../../arm-none-eabi/lib/thumb/v7e-m+dp/hard/libc_nano.a(libc_a-fstatr.o)
                0x0800734c                _fstat_r
 .text          0x08007378       0x2c /usr/lib/gcc/arm-none-eabi/13.2.1/../../../arm-none-eabi/lib/thumb/v7e-m+dp/hard/libc_nano.a(libc_a-lseekr.o)
                0x08007378                _lseek_r
 .text          0x080073a4       0x2c /usr/lib/gcc/arm-none-eabi/13.2.1/../../../arm-none-eabi/lib/thumb/v7e-m+dp/hard/libc_nano.a(libc_a-writer.o)
                0x080073a4                _write_r
 .text          0x080073d0       0x1c /usr/lib/gcc/arm-none-eabi/13.2.1/../../../arm-none-eabi/lib/thumb/v7e-m+dp/hard/libnosys.a(sbrk.o)
                0x080073d0                _sbrk
 .text          0x080073ec        0x4 /usr/lib/gcc/arm-none-eabi/13.2.1/../../../arm-none-eabi/lib/thumb/v7e-m+dp/hard/libnosys.a(_exit.o)
                0x080073ec                _exit
 .text          0x080073f0      0x378 /usr/lib/gcc/arm-none-eabi/13.2.1/thumb/v7e-m+dp/hard/libgcc.a(_arm_addsubdf3.o)
                0x080073f0                __aeabi_drsub
                0x080073f8                __aeabi_dsub
                0x080073f8                __subdf3
                0x080073fc                __adddf3
                0x080073fc                __aeabi_dadd
                0x08007674                __aeabi_ui2d
                0x08007674                __floatunsidf
                0x08007694                __floatsidf
                0x08007694                __aeabi_i2d
                0x080076b8                __extendsfdf2
                0x080076b8                __aeabi_f2d
                0x080076fc                __aeabi_ul2d
                0x080076fc                __floatundidf
                0x0800770c                __floatdidf
                0x0800770c                __aeabi_l2d
 .text          0x08007768       0x30 /usr/lib/gcc/arm-none-eabi/13.2.1/thumb/v7e-m+dp/hard/libgcc.a(_fixdfdi.o)
                0x08007768                __aeabi_d2lz
                0x08007768                __fixdfdi
 .text          0x08007798       0x40 /usr/lib/gcc/arm-none-eabi/13.2.1/thumb/v7e-m+dp/hard/libgcc.a(_fixunsdfdi.o)
                0x08007798                __aeabi_d2ulz
                0x08007798                __fixunsdfdi
 *(.text*)
 .text.startup.main
                0x080077d8      0x1d8 my_build/main.o
                0x080077d8                main
 .text.assert_failed
                0x080079b0       0x10 my_build/main.o
                0x080079b0                assert_failed
 .text.SysTick_Handler
                0x080079c0       0x10 my_build/board.o
                0x080079c0                SysTick_Handler
 .text.board_get_systick_ms
                0x080079d0        0xc my_build/board.o
                0x080079d0                board_get_systick_ms
 .text.board_delay_ms
                0x080079dc       0x14 my_build/board.o
                0x080079dc                board_delay_ms
 .text.board_get_dwt_cycles
                0x080079f0        0xc my_build/board.o
                0x080079f0                board_get_dwt_cycles
 .text.board_dwt_cycles_to_us
                0x080079fc       0x10 my_build/board.o
                0x080079fc                board_dwt_cycles_to_us
 .text.board_led_on
                0x08007a0c       0x18 my_build/board.o
                0x08007a0c                board_led_on
 .text.board_led_off
                0x08007a24       0x18 my_build/board.o
                0x08007a24                board_led_off
 .text.board_get_sysclk_hz
                0x08007a3c        0xc my_build/board.o
                0x08007a3c                board_get_sysclk_hz
 .text.board_get_unique_id
                0x08007a48       0x1c my_build/board.o
                0x08007a48                board_get_unique_id
 .text.board_panic
                0x08007a64       0x84 my_build/board.o
                0x08007a64                board_panic
 .text.board_init
                0x08007ae8      0x370 my_build/board.o
                0x08007ae8                board_init
 .text.MPU_Config
                0x08007e58       0x40 my_build/mpu_config.o
                0x08007e58                MPU_Config
 .text.ExitRun0Mode
                0x08007e98        0x4 my_build/system_stm32h7xx.o
                0x08007e98                ExitRun0Mode
 .text.SystemInit
                0x08007e9c       0x64 my_build/system_stm32h7xx.o
                0x08007e9c                SystemInit
 .text.uart_init
                0x08007f00       0x98 my_build/uart.o
                0x08007f00                uart_init
 .text.uart_write
                0x08007f98       0x90 my_build/uart.o
                0x08007f98                uart_write
 .text.uart_read
                0x08008028       0x60 my_build/uart.o
                0x08008028                uart_read
 .text.uart_write_string
                0x08008088       0x2c my_build/uart.o
                0x08008088                uart_write_string
 .text.USART3_IRQHandler
                0x080080b4       0x5c my_build/uart.o
                0x080080b4                USART3_IRQHandler
 .text.uart_get_handle
                0x08008110        0x8 my_build/uart.o
                0x08008110                uart_get_handle
 .text.uart_printf
                0x08008118       0x40 my_build/uart.o
                0x08008118                uart_printf
 .text.fdcan_init
                0x08008158      0x254 my_build/fdcan.o
                0x08008158                fdcan_init
 .text.fdcan_transmit
                0x080083ac       0xe0 my_build/fdcan.o
                0x080083ac                fdcan_transmit
 .text.fdcan_receive
                0x0800848c       0xcc my_build/fdcan.o
                0x0800848c                fdcan_receive
 .text.fdcan_get_handle
                0x08008558        0x8 my_build/fdcan.o
                0x08008558                fdcan_get_handle
 .text.fdcan_abort_all_tx
                0x08008560       0x40 my_build/fdcan.o
                0x08008560                fdcan_abort_all_tx
 .text.fdcan_set_rx_callback
                0x080085a0        0x8 my_build/fdcan.o
                0x080085a0                fdcan_set_rx_callback
 .text.fdcan_set_error_callback
                0x080085a8        0x8 my_build/fdcan.o
                0x080085a8                fdcan_set_error_callback
 .text.fdcan_enable_interrupts
                0x080085b0       0x3c my_build/fdcan.o
                0x080085b0                fdcan_enable_interrupts
 .text.FDCAN1_IT0_IRQHandler
                0x080085ec      0x178 my_build/fdcan.o
                0x080085ec                FDCAN1_IT0_IRQHandler
 .text.fdcan_set_std_range_filter
                0x08008764       0x6c my_build/fdcan.o
                0x08008764                fdcan_set_std_range_filter
 .text.flash_get_sector
                0x080087d0       0x48 my_build/flash_utils.o
                0x080087d0                flash_get_sector
 .text.flash_erase_sector
                0x08008818       0x6c my_build/flash_utils.o
                0x08008818                flash_erase_sector
 .text.flash_program_data
                0x08008884       0x4c my_build/flash_utils.o
                0x08008884                flash_program_data
 .text.flash_calculate_checksum
                0x080088d0       0x34 my_build/flash_utils.o
                0x080088d0                flash_calculate_checksum
 .text.cli_cmd_valve_wall_k
                0x08008904       0x64 my_build/cli.o
 .text.cli_cmd_help
                0x08008968       0x38 my_build/cli.o
 .text.cli_cmd_valve_wall_c
                0x080089a0       0x64 my_build/cli.o
 .text.cli_cmd_valve_torquelimit
                0x08008a04       0x64 my_build/cli.o
 .text.cli_cmd_valve_timing
                0x08008a68       0xd4 my_build/cli.o
 .text.cli_cmd_valve_stop
                0x08008b3c       0x84 my_build/cli.o
 .text.cli_cmd_valve_status
                0x08008bc0      0x15c my_build/cli.o
 .text.cli_cmd_valve_start
                0x08008d1c       0xe8 my_build/cli.o
 .text.cli_cmd_valve_scale
                0x08008e04       0x64 my_build/cli.o
 .text.cli_cmd_valve_preset_show
                0x08008e68       0xec my_build/cli.o
 .text.cli_cmd_valve_preset_save
                0x08008f54       0x7c my_build/cli.o
 .text.cli_cmd_valve_preset
                0x08008fd0       0xbc my_build/cli.o
 .text.cli_cmd_valve_friction
                0x0800908c       0x64 my_build/cli.o
 .text.cli_cmd_valve_epsilon
                0x080090f0       0x64 my_build/cli.o
 .text.cli_cmd_valve_energy
                0x08009154       0x24 my_build/cli.o
 .text.cli_cmd_valve_damping
                0x08009178       0x64 my_build/cli.o
 .text.cli_cmd_ping
                0x080091dc       0x60 my_build/cli.o
 .text.cli_cmd_odrive_velocity
                0x0800923c       0x80 my_build/cli.o
 .text.cli_cmd_odrive_torque
                0x080092bc       0x80 my_build/cli.o
 .text.cli_cmd_odrive_status
                0x0800933c       0xa0 my_build/cli.o
 .text.cli_cmd_odrive_position
                0x080093dc       0x80 my_build/cli.o
 .text.cli_cmd_odrive_pos_gain
                0x0800945c       0x80 my_build/cli.o
 .text.cli_cmd_odrive_mode
                0x080094dc       0xd0 my_build/cli.o
 .text.cli_cmd_odrive_calibrate
                0x080095ac       0x58 my_build/cli.o
 .text.cli_cmd_nvm_status
                0x08009604      0x174 my_build/cli.o
 .text.cli_cmd_http
                0x08009778      0x154 my_build/cli.o
 .text.cli_cmd_ethstatus
                0x080098cc       0xac my_build/cli.o
 .text.cli_cmd_eth_stream
                0x08009978       0xa8 my_build/cli.o
 .text.cli_cmd_can_telemetry
                0x08009a20       0xb0 my_build/cli.o
 .text.cli_cmd_can_status
                0x08009ad0       0x88 my_build/cli.o
 .text.cli_cmd_can_encoder
                0x08009b58       0x80 my_build/cli.o
 .text.cli_cmd_fault_last
                0x08009bd8       0x7c my_build/cli.o
 .text.cli_cmd_setip
                0x08009c54       0x90 my_build/cli.o
 .text.cli_cmd_odrive_vel_gains
                0x08009ce4       0xa8 my_build/cli.o
 .text.cli_cmd_odrive_limits
                0x08009d8c       0x8c my_build/cli.o
 .text.cli_cmd_odrive_clear
                0x08009e18       0x48 my_build/cli.o
 .text.cli_cmd_odrive_disable
                0x08009e60       0x48 my_build/cli.o
 .text.cli_cmd_odrive_enable
                0x08009ea8       0x48 my_build/cli.o
 .text.cli_cmd_odrive_estop
                0x08009ef0       0x48 my_build/cli.o
 .text.cli_cmd_odrive_ping
                0x08009f38       0x48 my_build/cli.o
 .text.cli_find_command
                0x08009f80       0x64 my_build/cli.o
                0x08009f80                cli_find_command
 .text.cli_init
                0x08009fe4       0x78 my_build/cli.o
                0x08009fe4                cli_init
 .text.cli_run  0x0800a05c      0x148 my_build/cli.o
                0x0800a05c                cli_run
 .text.can_simple_fdcan_rx_callback
                0x0800a1a4      0x10c my_build/can_simple.o
 .text.can_simple_init
                0x0800a2b0       0x88 my_build/can_simple.o
                0x0800a2b0                can_simple_init
 .text.can_simple_set_axis_state
                0x0800a338       0x38 my_build/can_simple.o
                0x0800a338                can_simple_set_axis_state
 .text.can_simple_set_axis_state_nb
                0x0800a370       0x34 my_build/can_simple.o
                0x0800a370                can_simple_set_axis_state_nb
 .text.can_simple_set_controller_mode
                0x0800a3a4       0x38 my_build/can_simple.o
                0x0800a3a4                can_simple_set_controller_mode
 .text.can_simple_set_velocity
                0x0800a3dc       0x3c my_build/can_simple.o
                0x0800a3dc                can_simple_set_velocity
 .text.can_simple_set_position
                0x0800a418       0x58 my_build/can_simple.o
                0x0800a418                can_simple_set_position
 .text.can_simple_set_input_torque
                0x0800a470       0x38 my_build/can_simple.o
                0x0800a470                can_simple_set_input_torque
 .text.can_simple_set_input_torque_nb
                0x0800a4a8       0x34 my_build/can_simple.o
                0x0800a4a8                can_simple_set_input_torque_nb
 .text.can_simple_set_limits
                0x0800a4dc       0x3c my_build/can_simple.o
                0x0800a4dc                can_simple_set_limits
 .text.can_simple_set_pos_gain
                0x0800a518       0x34 my_build/can_simple.o
                0x0800a518                can_simple_set_pos_gain
 .text.can_simple_set_vel_gains
                0x0800a54c       0x3c my_build/can_simple.o
                0x0800a54c                can_simple_set_vel_gains
 .text.can_simple_get_heartbeat
                0x0800a588       0xbc my_build/can_simple.o
                0x0800a588                can_simple_get_heartbeat
 .text.can_simple_get_cached_heartbeat
                0x0800a644       0x40 my_build/can_simple.o
                0x0800a644                can_simple_get_cached_heartbeat
 .text.can_simple_get_cached_encoder
                0x0800a684       0x3c my_build/can_simple.o
                0x0800a684                can_simple_get_cached_encoder
 .text.can_simple_get_rx_timing_stats
                0x0800a6c0       0x2c my_build/can_simple.o
                0x0800a6c0                can_simple_get_rx_timing_stats
 .text.can_simple_reset_rx_timing_stats
                0x0800a6ec       0x14 my_build/can_simple.o
                0x0800a6ec                can_simple_reset_rx_timing_stats
 .text.can_simple_set_encoder_callback
                0x0800a700        0x8 my_build/can_simple.o
                0x0800a700                can_simple_set_encoder_callback
 .text.can_simple_clear_errors
                0x0800a708       0x30 my_build/can_simple.o
                0x0800a708                can_simple_clear_errors
 .text.can_simple_estop
                0x0800a738       0x30 my_build/can_simple.o
                0x0800a738                can_simple_estop
 .text.can_simple_estop_nb
                0x0800a768       0x2c my_build/can_simple.o
                0x0800a768                can_simple_estop_nb
 .text.can_simple_abort_all_tx
                0x0800a794       0x20 my_build/can_simple.o
                0x0800a794                can_simple_abort_all_tx
 .text.can_simple_get_cached_temperature
                0x0800a7b4       0x38 my_build/can_simple.o
                0x0800a7b4                can_simple_get_cached_temperature
 .text.can_simple_get_cached_bus_voltage_current
                0x0800a7ec       0x38 my_build/can_simple.o
                0x0800a7ec                can_simple_get_cached_bus_voltage_current
 .text.valve_fdcan_error_callback
                0x0800a824       0x2c my_build/valve_haptic.o
 .text.valve_haptic_init
                0x0800a850       0xc4 my_build/valve_haptic.o
                0x0800a850                valve_haptic_init
 .text.valve_haptic_load_preset
                0x0800a914       0x50 my_build/valve_haptic.o
                0x0800a914                valve_haptic_load_preset
 .text.valve_haptic_stage_config
                0x0800a964       0xa4 my_build/valve_haptic.o
                0x0800a964                valve_haptic_stage_config
 .text.valve_haptic_start
                0x0800aa08      0x28c my_build/valve_haptic.o
                0x0800aa08                valve_haptic_start
 .text.valve_haptic_stop
                0x0800ac94       0x4c my_build/valve_haptic.o
                0x0800ac94                valve_haptic_stop
 .text.valve_haptic_process
                0x0800ace0      0x418 my_build/valve_haptic.o
                0x0800ace0                valve_haptic_process
 .text.valve_haptic_encoder_cb
                0x0800b0f8       0x18 my_build/valve_haptic.o
 .text.valve_haptic_get_state
                0x0800b110        0x4 my_build/valve_haptic.o
                0x0800b110                valve_haptic_get_state
 .text.valve_haptic_get_context
                0x0800b114        0xc my_build/valve_haptic.o
                0x0800b114                valve_haptic_get_context
 .text.valve_physics_clamp_torque
                0x0800b120       0x28 my_build/valve_physics.o
                0x0800b120                valve_physics_clamp_torque
 .text.valve_physics_calculate_torque_hil
                0x0800b148      0x114 my_build/valve_physics.o
                0x0800b148                valve_physics_calculate_torque_hil
 .text.valve_presets_init
                0x0800b25c       0x34 my_build/valve_presets.o
                0x0800b25c                valve_presets_init
 .text.valve_presets_save
                0x0800b290       0x44 my_build/valve_presets.o
                0x0800b290                valve_presets_save
 .text.valve_preset_from_preset
                0x0800b2d4       0x84 my_build/valve_presets.o
                0x0800b2d4                valve_preset_from_preset
 .text.valve_preset_validate
                0x0800b358       0xb0 my_build/valve_presets.o
                0x0800b358                valve_preset_validate
 .text.valve_preset_save_current
                0x0800b408       0x94 my_build/valve_presets.o
                0x0800b408                valve_preset_save_current
 .text.valve_nvm_init
                0x0800b49c       0x84 my_build/valve_nvm.o
                0x0800b49c                valve_nvm_init
 .text.valve_nvm_load_presets
                0x0800b520       0x44 my_build/valve_nvm.o
                0x0800b520                valve_nvm_load_presets
 .text.valve_nvm_get_default_presets
                0x0800b564        0x8 my_build/valve_nvm.o
                0x0800b564                valve_nvm_get_default_presets
 .text.valve_nvm_save_presets
                0x0800b56c       0x84 my_build/valve_nvm.o
                0x0800b56c                valve_nvm_save_presets
 .text.valve_filter_lowpass_simple
                0x0800b5f0       0x74 my_build/valve_filters.o
                0x0800b5f0                valve_filter_lowpass_simple
 .text.valve_start
                0x0800b664        0x4 my_build/valve_manager.o
                0x0800b664                valve_start
 .text.valve_stop
                0x0800b668        0xc my_build/valve_manager.o
                0x0800b668                valve_stop
 .text.valve_set_damping
                0x0800b674       0x38 my_build/valve_manager.o
                0x0800b674                valve_set_damping
 .text.valve_set_friction
                0x0800b6ac       0x38 my_build/valve_manager.o
                0x0800b6ac                valve_set_friction
 .text.valve_set_epsilon
                0x0800b6e4       0x38 my_build/valve_manager.o
                0x0800b6e4                valve_set_epsilon
 .text.valve_set_torque_limit
                0x0800b71c       0x38 my_build/valve_manager.o
                0x0800b71c                valve_set_torque_limit
 .text.valve_set_wall_damping
                0x0800b754       0x38 my_build/valve_manager.o
                0x0800b754                valve_set_wall_damping
 .text.valve_set_wall_stiffness
                0x0800b78c       0x38 my_build/valve_manager.o
                0x0800b78c                valve_set_wall_stiffness
 .text.valve_set_scale
                0x0800b7c4       0x38 my_build/valve_manager.o
                0x0800b7c4                valve_set_scale
 .text.valve_load_preset
                0x0800b7fc        0x4 my_build/valve_manager.o
                0x0800b7fc                valve_load_preset
 .text.valve_save_preset
                0x0800b800        0x8 my_build/valve_manager.o
                0x0800b800                valve_save_preset
 .text.valve_get_state
                0x0800b808        0x4 my_build/valve_manager.o
                0x0800b808                valve_get_state
 .text.valve_get_energy
                0x0800b80c        0xc my_build/valve_manager.o
                0x0800b80c                valve_get_energy
 .text.valve_get_presets
                0x0800b818        0x8 my_build/valve_manager.o
                0x0800b818                valve_get_presets
 .text.valve_get_context
                0x0800b820        0x4 my_build/valve_manager.o
                0x0800b820                valve_get_context
 .text.valve_stage_config
                0x0800b824        0x4 my_build/valve_manager.o
                0x0800b824                valve_stage_config
 .text.odrive_ping
                0x0800b828       0x10 my_build/odrive_manager.o
                0x0800b828                odrive_ping
 .text.odrive_enable
                0x0800b838        0x8 my_build/odrive_manager.o
                0x0800b838                odrive_enable
 .text.odrive_disable
                0x0800b840        0x8 my_build/odrive_manager.o
                0x0800b840                odrive_disable
 .text.odrive_estop
                0x0800b848        0x4 my_build/odrive_manager.o
                0x0800b848                odrive_estop
 .text.odrive_clear_errors
                0x0800b84c        0x4 my_build/odrive_manager.o
                0x0800b84c                odrive_clear_errors
 .text.odrive_calibrate
                0x0800b850       0x58 my_build/odrive_manager.o
                0x0800b850                odrive_calibrate
 .text.odrive_set_limits
                0x0800b8a8        0x4 my_build/odrive_manager.o
                0x0800b8a8                odrive_set_limits
 .text.odrive_set_controller_mode
                0x0800b8ac       0x30 my_build/odrive_manager.o
                0x0800b8ac                odrive_set_controller_mode
 .text.odrive_set_position_gain
                0x0800b8dc        0x4 my_build/odrive_manager.o
                0x0800b8dc                odrive_set_position_gain
 .text.odrive_set_velocity_gains
                0x0800b8e0        0x4 my_build/odrive_manager.o
                0x0800b8e0                odrive_set_velocity_gains
 .text.odrive_set_torque
                0x0800b8e4        0x4 my_build/odrive_manager.o
                0x0800b8e4                odrive_set_torque
 .text.odrive_set_velocity
                0x0800b8e8        0xc my_build/odrive_manager.o
                0x0800b8e8                odrive_set_velocity
 .text.odrive_set_position
                0x0800b8f4        0x8 my_build/odrive_manager.o
                0x0800b8f4                odrive_set_position
 .text.odrive_get_status
                0x0800b8fc       0x28 my_build/odrive_manager.o
                0x0800b8fc                odrive_get_status
 .text.odrive_get_encoder
                0x0800b924       0x20 my_build/odrive_manager.o
                0x0800b924                odrive_get_encoder
 .text.odrive_get_telemetry
                0x0800b944       0x28 my_build/odrive_manager.o
                0x0800b944                odrive_get_telemetry
 .text.can_get_bus_status
                0x0800b96c        0xc my_build/odrive_manager.o
                0x0800b96c                can_get_bus_status
 .text.fault_uart_write
                0x0800b978       0x2c my_build/stm32h7xx_it.o
 .text.NMI_Handler
                0x0800b9a4        0x4 my_build/stm32h7xx_it.o
                0x0800b9a4                NMI_Handler
 .text.HardFault_Handler
                0x0800b9a8       0x14 my_build/stm32h7xx_it.o
                0x0800b9a8                HardFault_Handler
 .text.hard_fault_capture
                0x0800b9bc      0x108 my_build/stm32h7xx_it.o
                0x0800b9bc                hard_fault_capture
 .text.MemManage_Handler
                0x0800bac4        0x4 my_build/stm32h7xx_it.o
                0x0800bac4                MemManage_Handler
 .text.BusFault_Handler
                0x0800bac8        0x4 my_build/stm32h7xx_it.o
                0x0800bac8                BusFault_Handler
 .text.UsageFault_Handler
                0x0800bacc        0x4 my_build/stm32h7xx_it.o
                0x0800bacc                UsageFault_Handler
 .text.SVC_Handler
                0x0800bad0        0x4 my_build/stm32h7xx_it.o
                0x0800bad0                SVC_Handler
 .text.DebugMon_Handler
                0x0800bad4        0x4 my_build/stm32h7xx_it.o
                0x0800bad4                DebugMon_Handler
 .text.PendSV_Handler
                0x0800bad8        0x4 my_build/stm32h7xx_it.o
                0x0800bad8                PendSV_Handler
 .text._close   0x0800badc        0x8 my_build/syscalls.o
                0x0800badc                _close
 .text._fstat   0x0800bae4        0x8 my_build/syscalls.o
                0x0800bae4                _fstat
 .text._getpid  0x0800baec        0x8 my_build/syscalls.o
                0x0800baec                _getpid
 .text._isatty  0x0800baf4        0x8 my_build/syscalls.o
                0x0800baf4                _isatty
 .text._kill    0x0800bafc        0x8 my_build/syscalls.o
                0x0800bafc                _kill
 .text._lseek   0x0800bb04        0x8 my_build/syscalls.o
                0x0800bb04                _lseek
 .text._read    0x0800bb0c        0x8 my_build/syscalls.o
                0x0800bb0c                _read
 .text._write   0x0800bb14        0x8 my_build/syscalls.o
                0x0800bb14                _write
 .text.ethernet_link_status_updated
                0x0800bb1c       0x24 my_build/net_init.o
                0x0800bb1c                ethernet_link_status_updated
 .text.ethernet_link_thread
                0x0800bb40      0x150 my_build/net_init.o
                0x0800bb40                ethernet_link_thread
 .text.ethernet_init
                0x0800bc90       0x14 my_build/net_init.o
                0x0800bc90                ethernet_init
 .text.ethernet_process
                0x0800bca4       0x30 my_build/net_init.o
                0x0800bca4                ethernet_process
 .text.stream_poll
                0x0800bcd4        0x4 my_build/stream_server.o
 .text.stream_log
                0x0800bcd8       0x5c my_build/stream_server.o
 .text.stream_send_buffer
                0x0800bd34       0x88 my_build/stream_server.o
 .text.stream_disconnect
                0x0800bdbc       0xa8 my_build/stream_server.o
 .text.stream_error
                0x0800be64        0xc my_build/stream_server.o
 .text.stream_accept
                0x0800be70      0x144 my_build/stream_server.o
 .text.u64_to_dec_str.part.0.constprop.0
                0x0800bfb4       0xac my_build/stream_server.o
 .text.stream_recv
                0x0800c060      0x1bc my_build/stream_server.o
 .text.stream_send_data
                0x0800c21c      0x4f0 my_build/stream_server.o
 .text.ethernet_stream_process
                0x0800c70c       0x58 my_build/stream_server.o
                0x0800c70c                ethernet_stream_process
 .text.ethernet_stream_init
                0x0800c764       0xe0 my_build/stream_server.o
                0x0800c764                ethernet_stream_init
 .text.ethernet_stream_stop
                0x0800c844       0x6c my_build/stream_server.o
                0x0800c844                ethernet_stream_stop
 .text.ethernet_stream_set_default_interval
                0x0800c8b0       0x1c my_build/stream_server.o
                0x0800c8b0                ethernet_stream_set_default_interval
 .text.ethernet_stream_get_stats
                0x0800c8cc       0x54 my_build/stream_server.o
                0x0800c8cc                ethernet_stream_get_stats
 .text.http_accept
                0x0800c920       0xac my_build/http_server.o
 .text.http_log
                0x0800c9cc       0x5c my_build/http_server.o
 .text.http_close_conn
                0x0800ca28       0x9c my_build/http_server.o
 .text.http_send_json_error
                0x0800cac4       0x88 my_build/http_server.o
 .text.http_poll
                0x0800cb4c       0x40 my_build/http_server.o
 .text.http_err
                0x0800cb8c       0x10 my_build/http_server.o
 .text.http_recv
                0x0800cb9c      0x60c my_build/http_server.o
 .text.ethernet_http_init
                0x0800d1a8       0x98 my_build/http_server.o
                0x0800d1a8                ethernet_http_init
 .text.ethernet_http_stop
                0x0800d240       0x24 my_build/http_server.o
                0x0800d240                ethernet_http_stop
 .text.ethernet_http_process
                0x0800d264        0x4 my_build/http_server.o
                0x0800d264                ethernet_http_process
 .text.ethernet_http_enable_logging
                0x0800d268        0xc my_build/http_server.o
                0x0800d268                ethernet_http_enable_logging
 .text.ethernet_http_get_status
                0x0800d274       0x50 my_build/http_server.o
                0x0800d274                ethernet_http_get_status
 .text.rest_send_response
                0x0800d2c4       0x94 my_build/rest_api.o
 .text.rest_send_json_error
                0x0800d358       0x2c my_build/rest_api.o
 .text.rest_format_float.part.0.constprop.0
                0x0800d384       0x9c my_build/rest_api.o
 .text.rest_log.constprop.0
                0x0800d420       0x50 my_build/rest_api.o
 .text.jsmn_parse.constprop.0
                0x0800d470      0x39c my_build/rest_api.o
 .text.rest_token_string
                0x0800d80c       0x5c my_build/rest_api.o
 .text.rest_token_float
                0x0800d868       0x50 my_build/rest_api.o
 .text.rest_token_int
                0x0800d8b8       0x3c my_build/rest_api.o
 .text.rest_api_handle_get_index
                0x0800d8f4       0x14 my_build/rest_api.o
                0x0800d8f4                rest_api_handle_get_index
 .text.rest_api_handle_get_config
                0x0800d908       0xf0 my_build/rest_api.o
                0x0800d908                rest_api_handle_get_config
 .text.rest_api_handle_get_status
                0x0800d9f8       0xe8 my_build/rest_api.o
                0x0800d9f8                rest_api_handle_get_status
 .text.rest_api_handle_post_config
                0x0800dae0      0x420 my_build/rest_api.o
                0x0800dae0                rest_api_handle_post_config
 .text.rest_api_handle_post_control
                0x0800df00      0x334 my_build/rest_api.o
                0x0800df00                rest_api_handle_post_control
 .text.rest_api_handle_get_presets
                0x0800e234      0x120 my_build/rest_api.o
                0x0800e234                rest_api_handle_get_presets
 .text.rest_api_handle_post_presets
                0x0800e354      0x444 my_build/rest_api.o
                0x0800e354                rest_api_handle_post_presets
 .text.rest_api_handle_get_odrive
                0x0800e798      0x174 my_build/rest_api.o
                0x0800e798                rest_api_handle_get_odrive
 .text.rest_api_handle_post_odrive
                0x0800e90c      0x350 my_build/rest_api.o
                0x0800e90c                rest_api_handle_post_odrive
 .text.rest_api_handle_get_can
                0x0800ec5c      0x168 my_build/rest_api.o
                0x0800ec5c                rest_api_handle_get_can
 .text.rest_api_handle_get_stream
                0x0800edc4       0x60 my_build/rest_api.o
                0x0800edc4                rest_api_handle_get_stream
 .text.rest_api_handle_post_stream
                0x0800ee24      0x1cc my_build/rest_api.o
                0x0800ee24                rest_api_handle_post_stream
 .text.ping_recv
                0x0800eff0      0x120 my_build/ping.o
 .text.ping_send
                0x0800f110       0x88 my_build/ping.o
 .text.ping_timeout
                0x0800f198       0x70 my_build/ping.o
 .text.ping_finish_timeout
                0x0800f208       0x8c my_build/ping.o
 .text.ping_init
                0x0800f294       0xc4 my_build/ping.o
                0x0800f294                ping_init
 .text.ping_set_count
                0x0800f358        0xc my_build/ping.o
                0x0800f358                ping_set_count
 .text.network_get_info
                0x0800f364       0xb0 my_build/network_manager.o
                0x0800f364                network_get_info
 *fill*         0x0800f414        0x4 
 .text.network_set_static_ip
                0x0800f418       0xac my_build/network_manager.o
                0x0800f418                network_set_static_ip
 .text.network_ping
                0x0800f4c4       0x2c my_build/network_manager.o
                0x0800f4c4                network_ping
 .text.network_http_start
                0x0800f4f0       0x10 my_build/network_manager.o
                0x0800f4f0                network_http_start
 .text.network_http_stop
                0x0800f500        0xc my_build/network_manager.o
                0x0800f500                network_http_stop
 .text.network_http_get_status
                0x0800f50c       0x1c my_build/network_manager.o
                0x0800f50c                network_http_get_status
 .text.network_http_set_logging
                0x0800f528        0xc my_build/network_manager.o
                0x0800f528                network_http_set_logging
 .text.network_stream_start
                0x0800f534       0x10 my_build/network_manager.o
                0x0800f534                network_stream_start
 .text.network_stream_stop
                0x0800f544        0xc my_build/network_manager.o
                0x0800f544                network_stream_stop
 .text.network_nvm_calculate_checksum
                0x0800f550       0x18 my_build/network_nvm.o
                0x0800f550                network_nvm_calculate_checksum
 .text.network_nvm_save
                0x0800f568       0x70 my_build/network_nvm.o
                0x0800f568                network_nvm_save
 .text.network_nvm_load
                0x0800f5d8       0x88 my_build/network_nvm.o
                0x0800f5d8                network_nvm_load
 .text.status_to_string
                0x0800f660       0x1c my_build/status_strings.o
                0x0800f660                status_to_string
 .text.valve_state_to_string
                0x0800f67c       0x18 my_build/status_strings.o
                0x0800f67c                valve_state_to_string
 .text.ETH_PHY_IO_DeInit
                0x0800f694        0x4 my_build/ethernetif.o
                0x0800f694                ETH_PHY_IO_DeInit
 .text.low_level_output
                0x0800f698       0x78 my_build/ethernetif.o
 .text.pbuf_free_custom
                0x0800f710       0x24 my_build/ethernetif.o
                0x0800f710                pbuf_free_custom
 .text.ETH_PHY_IO_Init
                0x0800f734       0x10 my_build/ethernetif.o
                0x0800f734                ETH_PHY_IO_Init
 .text.ETH_PHY_IO_ReadReg
                0x0800f744       0x20 my_build/ethernetif.o
                0x0800f744                ETH_PHY_IO_ReadReg
 .text.ETH_PHY_IO_WriteReg
                0x0800f764       0x20 my_build/ethernetif.o
                0x0800f764                ETH_PHY_IO_WriteReg
 .text.ETH_PHY_IO_GetTick
                0x0800f784        0x4 my_build/ethernetif.o
                0x0800f784                ETH_PHY_IO_GetTick
 .text.ethernetif_input
                0x0800f788       0x48 my_build/ethernetif.o
                0x0800f788                ethernetif_input
 .text.HAL_ETH_MspInit
                0x0800f7d0      0x10c my_build/ethernetif.o
                0x0800f7d0                HAL_ETH_MspInit
 .text.ethernet_link_check_state
                0x0800f8dc       0xf8 my_build/ethernetif.o
                0x0800f8dc                ethernet_link_check_state
 .text.ethernetif_init
                0x0800f9d4      0x150 my_build/ethernetif.o
                0x0800f9d4                ethernetif_init
 .text.HAL_ETH_RxAllocateCallback
                0x0800fb24       0x60 my_build/ethernetif.o
                0x0800fb24                HAL_ETH_RxAllocateCallback
 .text.HAL_ETH_RxLinkCallback
                0x0800fb84       0x38 my_build/ethernetif.o
                0x0800fb84                HAL_ETH_RxLinkCallback
 .text.sys_now  0x0800fbbc        0x4 my_build/sys_arch.o
                0x0800fbbc                sys_now
 .text.sys_arch_protect
                0x0800fbc0        0x8 my_build/sys_arch.o
                0x0800fbc0                sys_arch_protect
 .text.sys_arch_unprotect
                0x0800fbc8        0x4 my_build/sys_arch.o
                0x0800fbc8                sys_arch_unprotect
 .text.lwip_init
                0x0800fbcc       0x20 my_build/init.o
                0x0800fbcc                lwip_init
 .text.lwip_htons
                0x0800fbec        0x8 my_build/def.o
                0x0800fbec                lwip_htons
 .text.lwip_htonl
                0x0800fbf4        0x4 my_build/def.o
                0x0800fbf4                lwip_htonl
 .text.lwip_standard_chksum
                0x0800fbf8       0x74 my_build/inet_chksum.o
                0x0800fbf8                lwip_standard_chksum
 .text.inet_chksum
                0x0800fc6c        0xc my_build/inet_chksum.o
                0x0800fc6c                inet_chksum
 .text.mem_init
                0x0800fc78       0x40 my_build/mem.o
                0x0800fc78                mem_init
 .text.mem_free
                0x0800fcb8      0x188 my_build/mem.o
                0x0800fcb8                mem_free
 .text.mem_trim
                0x0800fe40      0x13c my_build/mem.o
                0x0800fe40                mem_trim
 .text.mem_malloc
                0x0800ff7c      0x154 my_build/mem.o
                0x0800ff7c                mem_malloc
 .text.do_memp_malloc_pool
                0x080100d0       0x48 my_build/memp.o
 .text.memp_init_pool
                0x08010118       0x34 my_build/memp.o
                0x08010118                memp_init_pool
 .text.memp_init
                0x0801014c       0x58 my_build/memp.o
                0x0801014c                memp_init
 .text.memp_malloc_pool
                0x080101a4       0x28 my_build/memp.o
                0x080101a4                memp_malloc_pool
 .text.memp_malloc
                0x080101cc       0x18 my_build/memp.o
                0x080101cc                memp_malloc
 .text.memp_free_pool
                0x080101e4       0x54 my_build/memp.o
                0x080101e4                memp_free_pool
 .text.memp_free
                0x08010238       0x4c my_build/memp.o
                0x08010238                memp_free
 .text.netif_null_output_ip4
                0x08010284        0x8 my_build/netif.o
 .text.netif_issue_reports
                0x0801028c       0x44 my_build/netif.o
 .text.netif_init
                0x080102d0        0x4 my_build/netif.o
                0x080102d0                netif_init
 .text.netif_set_addr
                0x080102d4       0xb0 my_build/netif.o
                0x080102d4                netif_set_addr
 .text.netif_add
                0x08010384      0x128 my_build/netif.o
                0x08010384                netif_add
 .text.netif_set_default
                0x080104ac        0xc my_build/netif.o
                0x080104ac                netif_set_default
 .text.netif_set_up
                0x080104b8       0x1c my_build/netif.o
                0x080104b8                netif_set_up
 .text.netif_set_down
                0x080104d4       0x1c my_build/netif.o
                0x080104d4                netif_set_down
 .text.netif_set_link_up
                0x080104f0       0x30 my_build/netif.o
                0x080104f0                netif_set_link_up
 .text.netif_set_link_down
                0x08010520       0x1c my_build/netif.o
                0x08010520                netif_set_link_down
 .text.netif_set_link_callback
                0x0801053c        0x8 my_build/netif.o
                0x0801053c                netif_set_link_callback
 .text.netif_get_by_index
                0x08010544       0x24 my_build/netif.o
                0x08010544                netif_get_by_index
 .text.pbuf_free_ooseq
                0x08010568       0x34 my_build/pbuf.o
                0x08010568                pbuf_free_ooseq
 .text.pbuf_alloc_reference
                0x0801059c       0x50 my_build/pbuf.o
                0x0801059c                pbuf_alloc_reference
 .text.pbuf_alloced_custom
                0x080105ec       0x40 my_build/pbuf.o
                0x080105ec                pbuf_alloced_custom
 .text.pbuf_add_header
                0x0801062c       0x60 my_build/pbuf.o
                0x0801062c                pbuf_add_header
 .text.pbuf_remove_header
                0x0801068c       0x48 my_build/pbuf.o
                0x0801068c                pbuf_remove_header
 .text.pbuf_header_force
                0x080106d4       0x68 my_build/pbuf.o
                0x080106d4                pbuf_header_force
 .text.pbuf_free
                0x0801073c       0xe0 my_build/pbuf.o
                0x0801073c                pbuf_free
 .text.pbuf_alloc
                0x0801081c      0x11c my_build/pbuf.o
                0x0801081c                pbuf_alloc
 .text.pbuf_realloc
                0x08010938       0xcc my_build/pbuf.o
                0x08010938                pbuf_realloc
 .text.pbuf_clen
                0x08010a04       0x14 my_build/pbuf.o
                0x08010a04                pbuf_clen
 .text.pbuf_ref
                0x08010a18       0x3c my_build/pbuf.o
                0x08010a18                pbuf_ref
 .text.pbuf_cat
                0x08010a54       0x8c my_build/pbuf.o
                0x08010a54                pbuf_cat
 .text.pbuf_chain
                0x08010ae0       0x3c my_build/pbuf.o
                0x08010ae0                pbuf_chain
 .text.pbuf_copy_partial_pbuf
                0x08010b1c      0x12c my_build/pbuf.o
                0x08010b1c                pbuf_copy_partial_pbuf
 .text.pbuf_copy
                0x08010c48       0x10 my_build/pbuf.o
                0x08010c48                pbuf_copy
 .text.pbuf_copy_partial
                0x08010c58       0x6c my_build/pbuf.o
                0x08010c58                pbuf_copy_partial
 .text.pbuf_clone
                0x08010cc4       0x40 my_build/pbuf.o
                0x08010cc4                pbuf_clone
 .text.raw_input
                0x08010d04       0xd8 my_build/raw.o
                0x08010d04                raw_input
 .text.raw_bind
                0x08010ddc       0x1c my_build/raw.o
                0x08010ddc                raw_bind
 .text.raw_recv
                0x08010df8        0x8 my_build/raw.o
                0x08010df8                raw_recv
 .text.raw_sendto_if_src
                0x08010e00      0x104 my_build/raw.o
                0x08010e00                raw_sendto_if_src
 .text.raw_sendto
                0x08010f04       0x58 my_build/raw.o
                0x08010f04                raw_sendto
 .text.raw_remove
                0x08010f5c       0x30 my_build/raw.o
                0x08010f5c                raw_remove
 .text.raw_new  0x08010f8c       0x30 my_build/raw.o
                0x08010f8c                raw_new
 .text.raw_netif_ip_addr_changed
                0x08010fbc       0x38 my_build/raw.o
                0x08010fbc                raw_netif_ip_addr_changed
 .text.tcp_new_port
                0x08010ff4       0x58 my_build/tcp.o
 .text.tcp_close_shutdown_fin
                0x0801104c       0x64 my_build/tcp.o
 .text.tcp_init
                0x080110b0       0x18 my_build/tcp.o
                0x080110b0                tcp_init
 .text.tcp_free
                0x080110c8       0x3c my_build/tcp.o
                0x080110c8                tcp_free
 .text.tcp_bind
                0x08011104       0x90 my_build/tcp.o
                0x08011104                tcp_bind
 .text.tcp_listen_with_backlog_and_err
                0x08011194       0xc4 my_build/tcp.o
                0x08011194                tcp_listen_with_backlog_and_err
 .text.tcp_listen_with_backlog
                0x08011258        0x8 my_build/tcp.o
                0x08011258                tcp_listen_with_backlog
 .text.tcp_update_rcv_ann_wnd
                0x08011260       0x78 my_build/tcp.o
                0x08011260                tcp_update_rcv_ann_wnd
 .text.tcp_recved
                0x080112d8       0x68 my_build/tcp.o
                0x080112d8                tcp_recved
 .text.tcp_segs_free
                0x08011340       0x24 my_build/tcp.o
                0x08011340                tcp_segs_free
 .text.tcp_seg_free
                0x08011364       0x1c my_build/tcp.o
                0x08011364                tcp_seg_free
 .text.tcp_seg_copy
                0x08011380       0x48 my_build/tcp.o
                0x08011380                tcp_seg_copy
 .text.tcp_arg  0x080113c8        0x8 my_build/tcp.o
                0x080113c8                tcp_arg
 .text.tcp_recv
                0x080113d0       0x38 my_build/tcp.o
                0x080113d0                tcp_recv
 .text.tcp_sent
                0x08011408       0x38 my_build/tcp.o
                0x08011408                tcp_sent
 .text.tcp_err  0x08011440       0x38 my_build/tcp.o
                0x08011440                tcp_err
 .text.tcp_accept
                0x08011478        0xc my_build/tcp.o
                0x08011478                tcp_accept
 .text.tcp_poll
                0x08011484       0x3c my_build/tcp.o
                0x08011484                tcp_poll
 .text.tcp_pcb_purge
                0x080114c0       0x8c my_build/tcp.o
                0x080114c0                tcp_pcb_purge
 .text.tcp_slowtmr
                0x0801154c      0x570 my_build/tcp.o
                0x0801154c                tcp_slowtmr
 .text.tcp_pcb_remove
                0x08011abc       0xe0 my_build/tcp.o
                0x08011abc                tcp_pcb_remove
 .text.tcp_abandon
                0x08011b9c      0x188 my_build/tcp.o
                0x08011b9c                tcp_abandon
 .text.tcp_abort
                0x08011d24        0x8 my_build/tcp.o
                0x08011d24                tcp_abort
 .text.tcp_accept_null
                0x08011d2c       0x3c my_build/tcp.o
 .text.tcp_netif_ip_addr_changed_pcblist
                0x08011d68       0x40 my_build/tcp.o
 .text.tcp_kill_state
                0x08011da8       0x4c my_build/tcp.o
 .text.tcp_alloc
                0x08011df4      0x148 my_build/tcp.o
                0x08011df4                tcp_alloc
 .text.tcp_new  0x08011f3c        0x8 my_build/tcp.o
                0x08011f3c                tcp_new
 .text.tcp_close_shutdown
                0x08011f44      0x19c my_build/tcp.o
 .text.tcp_close
                0x080120e0       0x1c my_build/tcp.o
                0x080120e0                tcp_close
 .text.tcp_recv_null
                0x080120fc       0x3c my_build/tcp.o
                0x080120fc                tcp_recv_null
 .text.tcp_process_refused_data
                0x08012138       0x6c my_build/tcp.o
                0x08012138                tcp_process_refused_data
 .text.tcp_fasttmr
                0x080121a4       0x84 my_build/tcp.o
                0x080121a4                tcp_fasttmr
 .text.tcp_tmr  0x08012228       0x24 my_build/tcp.o
                0x08012228                tcp_tmr
 .text.tcp_next_iss
                0x0801224c       0x38 my_build/tcp.o
                0x0801224c                tcp_next_iss
 .text.tcp_eff_send_mss_netif
                0x08012284       0x40 my_build/tcp.o
                0x08012284                tcp_eff_send_mss_netif
 .text.tcp_netif_ip_addr_changed
                0x080122c4       0x54 my_build/tcp.o
                0x080122c4                tcp_netif_ip_addr_changed
 .text.tcp_free_ooseq
                0x08012318       0x24 my_build/tcp.o
                0x08012318                tcp_free_ooseq
 .text.tcp_oos_insert_segment
                0x0801233c       0xa0 my_build/tcp_in.o
 .text.tcp_input_delayed_close
                0x080123dc       0x40 my_build/tcp_in.o
 .text.tcp_free_acked_segments.isra.0
                0x0801241c       0xc8 my_build/tcp_in.o
 .text.tcp_receive
                0x080124e4      0x930 my_build/tcp_in.o
 .text.tcp_parseopt
                0x08012e14      0x170 my_build/tcp_in.o
 .text.tcp_input
                0x08012f84      0xbec my_build/tcp_in.o
                0x08012f84                tcp_input
 .text.tcp_trigger_input_pcb_close
                0x08013b70       0x10 my_build/tcp_in.o
                0x08013b70                tcp_trigger_input_pcb_close
 .text.tcp_pbuf_prealloc
                0x08013b80       0xac my_build/tcp_out.o
 .text.tcp_create_segment
                0x08013c2c       0xec my_build/tcp_out.o
 .text.tcp_output_alloc_header_common.constprop.0
                0x08013d18       0x8c my_build/tcp_out.o
 .text.tcp_output_alloc_header.constprop.0
                0x08013da4       0x50 my_build/tcp_out.o
 .text.tcp_output_control_segment
                0x08013df4       0x80 my_build/tcp_out.o
 .text.tcp_rst_common.isra.0
                0x08013e74       0x70 my_build/tcp_out.o
 .text.tcp_write
                0x08013ee4      0x5f0 my_build/tcp_out.o
                0x08013ee4                tcp_write
 .text.tcp_split_unsent_seg
                0x080144d4      0x1a8 my_build/tcp_out.o
                0x080144d4                tcp_split_unsent_seg
 .text.tcp_enqueue_flags
                0x0801467c      0x158 my_build/tcp_out.o
                0x0801467c                tcp_enqueue_flags
 .text.tcp_send_fin
                0x080147d4       0x64 my_build/tcp_out.o
                0x080147d4                tcp_send_fin
 .text.tcp_rexmit_rto_prepare
                0x08014838       0x88 my_build/tcp_out.o
                0x08014838                tcp_rexmit_rto_prepare
 .text.tcp_rexmit
                0x080148c0       0x88 my_build/tcp_out.o
                0x080148c0                tcp_rexmit
 .text.tcp_rexmit_fast
                0x08014948       0x74 my_build/tcp_out.o
                0x08014948                tcp_rexmit_fast
 .text.tcp_rst  0x080149bc       0x40 my_build/tcp_out.o
                0x080149bc                tcp_rst
 .text.tcp_rst_netif
                0x080149fc       0x50 my_build/tcp_out.o
                0x080149fc                tcp_rst_netif
 .text.tcp_send_empty_ack
                0x08014a4c       0x64 my_build/tcp_out.o
                0x08014a4c                tcp_send_empty_ack
 .text.tcp_output
                0x08014ab0      0x3a4 my_build/tcp_out.o
                0x08014ab0                tcp_output
 .text.tcp_rexmit_rto_commit
                0x08014e54       0x3c my_build/tcp_out.o
                0x08014e54                tcp_rexmit_rto_commit
 .text.tcp_rexmit_rto
                0x08014e90       0x5c my_build/tcp_out.o
                0x08014e90                tcp_rexmit_rto
 .text.tcp_keepalive
                0x08014eec       0x4c my_build/tcp_out.o
                0x08014eec                tcp_keepalive
 .text.tcp_zero_window_probe
                0x08014f38       0xd8 my_build/tcp_out.o
                0x08014f38                tcp_zero_window_probe
 .text.sys_timeout_abs
                0x08015010       0x58 my_build/timeouts.o
 .text.lwip_cyclic_timer
                0x08015068       0x40 my_build/timeouts.o
 .text.tcpip_tcp_timer
                0x080150a8       0x3c my_build/timeouts.o
 .text.tcp_timer_needed
                0x080150e4       0x40 my_build/timeouts.o
                0x080150e4                tcp_timer_needed
 .text.sys_timeouts_init
                0x08015124       0x34 my_build/timeouts.o
                0x08015124                sys_timeouts_init
 .text.sys_timeout
                0x08015158       0x3c my_build/timeouts.o
                0x08015158                sys_timeout
 .text.sys_untimeout
                0x08015194       0x3c my_build/timeouts.o
                0x08015194                sys_untimeout
 .text.sys_check_timeouts
                0x080151d0       0x68 my_build/timeouts.o
                0x080151d0                sys_check_timeouts
 .text.udp_init
                0x08015238       0x18 my_build/udp.o
                0x08015238                udp_init
 .text.udp_input
                0x08015250      0x200 my_build/udp.o
                0x08015250                udp_input
 .text.udp_netif_ip_addr_changed
                0x08015450       0x38 my_build/udp.o
                0x08015450                udp_netif_ip_addr_changed
 .text.ethernet_input
                0x08015488       0xa4 my_build/ethernet.o
                0x08015488                ethernet_input
 .text.ethernet_output
                0x0801552c       0x70 my_build/ethernet.o
                0x0801552c                ethernet_output
 .text.etharp_find_entry
                0x0801559c      0x164 my_build/etharp.o
 .text.etharp_raw
                0x08015700       0xe0 my_build/etharp.o
 .text.etharp_output_to_arp_index
                0x080157e0       0xe4 my_build/etharp.o
 .text.etharp_tmr
                0x080158c4       0x84 my_build/etharp.o
                0x080158c4                etharp_tmr
 .text.etharp_cleanup_netif
                0x08015948       0x34 my_build/etharp.o
                0x08015948                etharp_cleanup_netif
 .text.etharp_input
                0x0801597c      0x154 my_build/etharp.o
                0x0801597c                etharp_input
 .text.etharp_query
                0x08015ad0      0x198 my_build/etharp.o
                0x08015ad0                etharp_query
 .text.etharp_output
                0x08015c68      0x15c my_build/etharp.o
                0x08015c68                etharp_output
 .text.etharp_request
                0x08015dc4       0x2c my_build/etharp.o
                0x08015dc4                etharp_request
 .text.ip4_route
                0x08015df0       0x70 my_build/ip4.o
                0x08015df0                ip4_route
 .text.ip4_input
                0x08015e60      0x1cc my_build/ip4.o
                0x08015e60                ip4_input
 .text.ip4_output_if_src
                0x0801602c      0x104 my_build/ip4.o
                0x0801602c                ip4_output_if_src
 .text.ip4_output_if
                0x08016130       0x24 my_build/ip4.o
                0x08016130                ip4_output_if
 .text.ip4_addr_isbroadcast_u32
                0x08016154       0x38 my_build/ip4_addr.o
                0x08016154                ip4_addr_isbroadcast_u32
 .text.ip4addr_aton
                0x0801618c      0x14c my_build/ip4_addr.o
                0x0801618c                ip4addr_aton
 .text.ip4addr_ntoa_r
                0x080162d8       0xc4 my_build/ip4_addr.o
                0x080162d8                ip4addr_ntoa_r
 .text.ip4addr_ntoa
                0x0801639c        0xc my_build/ip4_addr.o
                0x0801639c                ip4addr_ntoa
 .text.icmp_send_response
                0x080163a8       0xb0 my_build/icmp.o
 .text.icmp_input
                0x08016458      0x148 my_build/icmp.o
                0x08016458                icmp_input
 .text.icmp_dest_unreach
                0x080165a0        0x8 my_build/icmp.o
                0x080165a0                icmp_dest_unreach
 .text.icmp_time_exceeded
                0x080165a8        0x8 my_build/icmp.o
                0x080165a8                icmp_time_exceeded
 .text.ipfrag_free_pbuf_custom
                0x080165b0       0x38 my_build/ip4_frag.o
 .text.ip_reass_free_complete_datagram
                0x080165e8      0x140 my_build/ip4_frag.o
 .text.ip_reass_remove_oldest_datagram
                0x08016728       0x7c my_build/ip4_frag.o
 .text.ip_reass_tmr
                0x080167a4       0x30 my_build/ip4_frag.o
                0x080167a4                ip_reass_tmr
 .text.ip4_reass
                0x080167d4      0x468 my_build/ip4_frag.o
                0x080167d4                ip4_reass
 .text.ip4_frag
                0x08016c3c      0x204 my_build/ip4_frag.o
                0x08016c3c                ip4_frag
 .text.HAL_GetTick
                0x08016e40        0xc my_build/stm32h7xx_hal.o
                0x08016e40                HAL_GetTick
 .text.HAL_SYSCFG_ETHInterfaceSelect
                0x08016e4c       0x2c my_build/stm32h7xx_hal.o
                0x08016e4c                HAL_SYSCFG_ETHInterfaceSelect
 .text.HAL_RCC_GetSysClockFreq.part.0
                0x08016e78       0xe4 my_build/stm32h7xx_hal_rcc.o
 .text.HAL_RCC_GetHCLKFreq
                0x08016f5c       0x80 my_build/stm32h7xx_hal_rcc.o
                0x08016f5c                HAL_RCC_GetHCLKFreq
 .text.HAL_GPIO_Init
                0x08016fdc      0x3d4 my_build/stm32h7xx_hal_gpio.o
                0x08016fdc                HAL_GPIO_Init
 .text.HAL_MPU_Disable
                0x080173b0       0x1c my_build/stm32h7xx_hal_cortex.o
                0x080173b0                HAL_MPU_Disable
 .text.HAL_MPU_Enable
                0x080173cc       0x20 my_build/stm32h7xx_hal_cortex.o
                0x080173cc                HAL_MPU_Enable
 .text.HAL_MPU_ConfigRegion
                0x080173ec      0x118 my_build/stm32h7xx_hal_cortex.o
                0x080173ec                HAL_MPU_ConfigRegion
 .text.HAL_FLASH_Unlock
                0x08017504       0x4c my_build/stm32h7xx_hal_flash.o
                0x08017504                HAL_FLASH_Unlock
 .text.HAL_FLASH_Lock
                0x08017550       0x30 my_build/stm32h7xx_hal_flash.o
                0x08017550                HAL_FLASH_Lock
 .text.FLASH_WaitForLastOperation
                0x08017580       0xd4 my_build/stm32h7xx_hal_flash.o
                0x08017580                FLASH_WaitForLastOperation
 .text.HAL_FLASH_Program
                0x08017654       0xe4 my_build/stm32h7xx_hal_flash.o
                0x08017654                HAL_FLASH_Program
 .text.FLASH_MassErase
                0x08017738       0xb0 my_build/stm32h7xx_hal_flash_ex.o
 .text.FLASH_Erase_Sector
                0x080177e8       0x84 my_build/stm32h7xx_hal_flash_ex.o
                0x080177e8                FLASH_Erase_Sector
 .text.HAL_FLASHEx_Erase
                0x0801786c      0x178 my_build/stm32h7xx_hal_flash_ex.o
                0x0801786c                HAL_FLASHEx_Erase
 .text.ETH_SetMACConfig
                0x080179e4      0x178 my_build/stm32h7xx_hal_eth.o
 .text.ETH_SetDMAConfig
                0x08017b5c       0x90 my_build/stm32h7xx_hal_eth.o
 .text.ETH_Prepare_Tx_Descriptors
                0x08017bec      0x37c my_build/stm32h7xx_hal_eth.o
 .text.ETH_UpdateDescriptor
                0x08017f68       0x80 my_build/stm32h7xx_hal_eth.o
 .text.HAL_ETH_Start
                0x08017fe8       0x70 my_build/stm32h7xx_hal_eth.o
                0x08017fe8                HAL_ETH_Start
 .text.HAL_ETH_Stop
                0x08018058       0x5c my_build/stm32h7xx_hal_eth.o
                0x08018058                HAL_ETH_Stop
 .text.HAL_ETH_Transmit
                0x080180b4       0xbc my_build/stm32h7xx_hal_eth.o
                0x080180b4                HAL_ETH_Transmit
 .text.HAL_ETH_ReadData
                0x08018170      0x114 my_build/stm32h7xx_hal_eth.o
                0x08018170                HAL_ETH_ReadData
 .text.HAL_ETH_ReadPHYRegister
                0x08018284       0x5c my_build/stm32h7xx_hal_eth.o
                0x08018284                HAL_ETH_ReadPHYRegister
 .text.HAL_ETH_WritePHYRegister
                0x080182e0       0x64 my_build/stm32h7xx_hal_eth.o
                0x080182e0                HAL_ETH_WritePHYRegister
 .text.HAL_ETH_GetMACConfig
                0x08018344      0x194 my_build/stm32h7xx_hal_eth.o
                0x08018344                HAL_ETH_GetMACConfig
 .text.HAL_ETH_SetMACConfig
                0x080184d8       0x1c my_build/stm32h7xx_hal_eth.o
                0x080184d8                HAL_ETH_SetMACConfig
 .text.HAL_ETH_SetMDIOClockRange
                0x080184f4       0x6c my_build/stm32h7xx_hal_eth.o
                0x080184f4                HAL_ETH_SetMDIOClockRange
 .text.HAL_ETH_Init
                0x08018560      0x250 my_build/stm32h7xx_hal_eth.o
                0x08018560                HAL_ETH_Init
 .text.LAN8742_RegisterBusIO
                0x080187b0       0x34 my_build/lan8742.o
                0x080187b0                LAN8742_RegisterBusIO
 .text.LAN8742_Init
                0x080187e4       0x68 my_build/lan8742.o
                0x080187e4                LAN8742_Init
 .text.LAN8742_GetLinkState
                0x0801884c       0x9c my_build/lan8742.o
                0x0801884c                LAN8742_GetLinkState
 .text.Reset_Handler
                0x080188e8       0x54 my_build/startup_stm32h753xihx.o
                0x080188e8                Reset_Handler
 .text.Default_Handler
                0x0801893c        0x2 my_build/startup_stm32h753xihx.o
                0x0801893c                RTC_Alarm_IRQHandler
                0x0801893c                HASH_RNG_IRQHandler
                0x0801893c                EXTI2_IRQHandler
                0x0801893c                TIM8_CC_IRQHandler
                0x0801893c                HRTIM1_Master_IRQHandler
                0x0801893c                UART8_IRQHandler
                0x0801893c                SPI4_IRQHandler
                0x0801893c                TIM1_CC_IRQHandler
                0x0801893c                BDMA_Channel6_IRQHandler
                0x0801893c                DMA2_Stream5_IRQHandler
                0x0801893c                HRTIM1_FLT_IRQHandler
                0x0801893c                JPEG_IRQHandler
                0x0801893c                DMA1_Stream5_IRQHandler
                0x0801893c                BDMA_Channel1_IRQHandler
                0x0801893c                HRTIM1_TIMD_IRQHandler
                0x0801893c                TAMP_STAMP_IRQHandler
                0x0801893c                EXTI3_IRQHandler
                0x0801893c                LPTIM4_IRQHandler
                0x0801893c                TIM8_TRG_COM_TIM14_IRQHandler
                0x0801893c                LPTIM2_IRQHandler
                0x0801893c                DFSDM1_FLT1_IRQHandler
                0x0801893c                DMAMUX2_OVR_IRQHandler
                0x0801893c                TIM8_UP_TIM13_IRQHandler
                0x0801893c                I2C3_ER_IRQHandler
                0x0801893c                DFSDM1_FLT2_IRQHandler
                0x0801893c                MDMA_IRQHandler
                0x0801893c                LPTIM3_IRQHandler
                0x0801893c                HSEM1_IRQHandler
                0x0801893c                EXTI0_IRQHandler
                0x0801893c                I2C2_EV_IRQHandler
                0x0801893c                DMA1_Stream2_IRQHandler
                0x0801893c                FPU_IRQHandler
                0x0801893c                OTG_HS_WKUP_IRQHandler
                0x0801893c                FDCAN1_IT1_IRQHandler
                0x0801893c                LTDC_ER_IRQHandler
                0x0801893c                DMA2_Stream2_IRQHandler
                0x0801893c                HRTIM1_TIME_IRQHandler
                0x0801893c                SPI1_IRQHandler
                0x0801893c                TIM6_DAC_IRQHandler
                0x0801893c                DCMI_IRQHandler
                0x0801893c                HRTIM1_TIMC_IRQHandler
                0x0801893c                DMA2_Stream3_IRQHandler
                0x0801893c                SAI2_IRQHandler
                0x0801893c                DFSDM1_FLT3_IRQHandler
                0x0801893c                USART6_IRQHandler
                0x0801893c                TIM17_IRQHandler
                0x0801893c                BDMA_Channel7_IRQHandler
                0x0801893c                CRYP_IRQHandler
                0x0801893c                LPTIM5_IRQHandler
                0x0801893c                UART5_IRQHandler
                0x0801893c                ADC3_IRQHandler
                0x0801893c                DMA2_Stream0_IRQHandler
                0x0801893c                TIM4_IRQHandler
                0x0801893c                BDMA_Channel2_IRQHandler
                0x0801893c                QUADSPI_IRQHandler
                0x0801893c                I2C1_EV_IRQHandler
                0x0801893c                DMA1_Stream6_IRQHandler
                0x0801893c                DMAMUX1_OVR_IRQHandler
                0x0801893c                DMA1_Stream1_IRQHandler
                0x0801893c                TIM16_IRQHandler
                0x0801893c                UART4_IRQHandler
                0x0801893c                BDMA_Channel5_IRQHandler
                0x0801893c                TIM3_IRQHandler
                0x0801893c                RCC_IRQHandler
                0x0801893c                TIM8_BRK_TIM12_IRQHandler
                0x0801893c                TIM1_TRG_COM_IRQHandler
                0x0801893c                Default_Handler
                0x0801893c                ECC_IRQHandler
                0x0801893c                CEC_IRQHandler
                0x0801893c                EXTI15_10_IRQHandler
                0x0801893c                BDMA_Channel0_IRQHandler
                0x0801893c                ADC_IRQHandler
                0x0801893c                DMA1_Stream7_IRQHandler
                0x0801893c                HRTIM1_TIMA_IRQHandler
                0x0801893c                SPI5_IRQHandler
                0x0801893c                TIM7_IRQHandler
                0x0801893c                SDMMC1_IRQHandler
                0x0801893c                TIM5_IRQHandler
                0x0801893c                DMA2_Stream7_IRQHandler
                0x0801893c                TIM15_IRQHandler
                0x0801893c                PVD_AVD_IRQHandler
                0x0801893c                I2C3_EV_IRQHandler
                0x0801893c                EXTI9_5_IRQHandler
                0x0801893c                RTC_WKUP_IRQHandler
                0x0801893c                LTDC_IRQHandler
                0x0801893c                SAI3_IRQHandler
                0x0801893c                ETH_WKUP_IRQHandler
                0x0801893c                SPDIF_RX_IRQHandler
                0x0801893c                SPI2_IRQHandler
                0x0801893c                OTG_HS_EP1_IN_IRQHandler
                0x0801893c                DMA1_Stream0_IRQHandler
                0x0801893c                CRS_IRQHandler
                0x0801893c                EXTI4_IRQHandler
                0x0801893c                HRTIM1_TIMB_IRQHandler
                0x0801893c                FDCAN2_IT1_IRQHandler
                0x0801893c                ETH_IRQHandler
                0x0801893c                TIM1_UP_IRQHandler
                0x0801893c                BDMA_Channel4_IRQHandler
                0x0801893c                OTG_HS_EP1_OUT_IRQHandler
                0x0801893c                WWDG_IRQHandler
                0x0801893c                SPI6_IRQHandler
                0x0801893c                MDIOS_IRQHandler
                0x0801893c                I2C4_EV_IRQHandler
                0x0801893c                FDCAN2_IT0_IRQHandler
                0x0801893c                LPUART1_IRQHandler
                0x0801893c                TIM2_IRQHandler
                0x0801893c                OTG_FS_WKUP_IRQHandler
                0x0801893c                OTG_HS_IRQHandler
                0x0801893c                DMA2D_IRQHandler
                0x0801893c                TIM1_BRK_IRQHandler
                0x0801893c                EXTI1_IRQHandler
                0x0801893c                SDMMC2_IRQHandler
                0x0801893c                OTG_FS_EP1_OUT_IRQHandler
                0x0801893c                BDMA_Channel3_IRQHandler
                0x0801893c                UART7_IRQHandler
                0x0801893c                MDIOS_WKUP_IRQHandler
                0x0801893c                USART2_IRQHandler
                0x0801893c                DFSDM1_FLT0_IRQHandler
                0x0801893c                SAI4_IRQHandler
                0x0801893c                I2C2_ER_IRQHandler
                0x0801893c                DMA2_Stream1_IRQHandler
                0x0801893c                FLASH_IRQHandler
                0x0801893c                DMA2_Stream4_IRQHandler
                0x0801893c                USART1_IRQHandler
                0x0801893c                OTG_FS_IRQHandler
                0x0801893c                SPI3_IRQHandler
                0x0801893c                WAKEUP_PIN_IRQHandler
                0x0801893c                DMA1_Stream4_IRQHandler
                0x0801893c                OTG_FS_EP1_IN_IRQHandler
                0x0801893c                I2C1_ER_IRQHandler
                0x0801893c                FMC_IRQHandler
                0x0801893c                FDCAN_CAL_IRQHandler
                0x0801893c                SWPMI1_IRQHandler
                0x0801893c                COMP1_IRQHandler
                0x0801893c                LPTIM1_IRQHandler
                0x0801893c                I2C4_ER_IRQHandler
                0x0801893c                DMA2_Stream6_IRQHandler
                0x0801893c                SAI1_IRQHandler
                0x0801893c                DMA1_Stream3_IRQHandler
 *(.glue_7)
 .glue_7        0x0801893e        0x0 linker stubs
 *(.glue_7t)
 .glue_7t       0x0801893e        0x0 linker stubs
 *(.eh_frame)
 *fill*         0x0801893e        0x2 
 .eh_frame      0x08018940        0x0 /usr/lib/gcc/arm-none-eabi/13.2.1/thumb/v7e-m+dp/hard/crtbegin.o
 *(.init)
 .init          0x08018940        0x4 /usr/lib/gcc/arm-none-eabi/13.2.1/thumb/v7e-m+dp/hard/crti.o
                0x08018940                _init
 .init          0x08018944        0x8 /usr/lib/gcc/arm-none-eabi/13.2.1/thumb/v7e-m+dp/hard/crtn.o
 *(.fini)
 .fini          0x0801894c        0x4 /usr/lib/gcc/arm-none-eabi/13.2.1/thumb/v7e-m+dp/hard/crti.o
                0x0801894c                _fini
 .fini          0x08018950        0x8 /usr/lib/gcc/arm-none-eabi/13.2.1/thumb/v7e-m+dp/hard/crtn.o
                0x08018958                        . = ALIGN (0x4)
                0x08018958                        _etext = .

.vfp11_veneer   0x08018958        0x0
 .vfp11_veneer  0x08018958        0x0 linker stubs

.v4_bx          0x08018958        0x0
 .v4_bx         0x08018958        0x0 linker stubs

.iplt           0x08018958        0x0
 .iplt          0x08018958        0x0 /usr/lib/gcc/arm-none-eabi/13.2.1/thumb/v7e-m+dp/hard/crtbegin.o

.rodata         0x08018958     0x8868
                0x08018958                        . = ALIGN (0x4)
 *(.rodata)
 .rodata        0x08018958       0x50 /usr/lib/gcc/arm-none-eabi/13.2.1/../../../arm-none-eabi/lib/thumb/v7e-m+dp/hard/libc_nano.a(libc_a-strtod.o)
 .rodata        0x080189a8      0x100 /usr/lib/gcc/arm-none-eabi/13.2.1/../../../arm-none-eabi/lib/thumb/v7e-m+dp/hard/libc_nano.a(libc_a-gdtoa-gethex.o)
                0x080189a8                __hexdig
 .rodata        0x08018aa8      0x101 /usr/lib/gcc/arm-none-eabi/13.2.1/../../../arm-none-eabi/lib/thumb/v7e-m+dp/hard/libc_nano.a(libc_a-ctype_.o)
                0x08018aa8                _ctype_
 *fill*         0x08018ba9        0x7 
 .rodata        0x08018bb0      0x128 /usr/lib/gcc/arm-none-eabi/13.2.1/../../../arm-none-eabi/lib/thumb/v7e-m+dp/hard/libc_nano.a(libc_a-mprec.o)
                0x08018bc0                __mprec_tens
                0x08018c88                __mprec_tinytens
                0x08018cb0                __mprec_bigtens
 *(.rodata*)
 .rodata.main.str1.4
                0x08018cd8     0x53f1 my_build/main.o
                                0x1a9 (size before relaxing)
 .rodata.board_init.str1.4
                0x0801e0c9       0x10 my_build/board.o
 *fill*         0x0801e0c9        0x3 
 .rodata.CSWTCH.22
                0x0801e0cc       0x40 my_build/board.o
 .rodata.D1CorePrescTable
                0x0801e10c       0x10 my_build/system_stm32h7xx.o
                0x0801e10c                D1CorePrescTable
 .rodata.cli_cmd_valve_wall_k.str1.4
                0x0801e11c       0x67 my_build/cli.o
 .rodata.cli_cmd_help.str1.4
                0x0801e11c       0x24 my_build/cli.o
 .rodata.cli_cmd_valve_wall_c.str1.4
                0x0801e11c       0x55 my_build/cli.o
 .rodata.cli_cmd_valve_torquelimit.str1.4
                0x0801e11c       0x59 my_build/cli.o
 .rodata.cli_cmd_valve_timing.str1.4
                0x0801e11c      0x15d my_build/cli.o
 .rodata.cli_cmd_valve_stop.str1.4
                0x0801e11c       0x12 my_build/cli.o
 .rodata.cli_cmd_valve_status.str1.4
                0x0801e11c      0x1c9 my_build/cli.o
 .rodata.cli_cmd_valve_start.str1.4
                0x0801e11c      0x16a my_build/cli.o
 .rodata.cli_cmd_valve_scale.str1.4
                0x0801e11c       0x4a my_build/cli.o
 .rodata.cli_cmd_valve_preset_show.str1.4