src/network/network_manager.c:25:1:network_get_info	40	static
src/network/network_manager.c:59:1:network_set_static_ip	104	static
src/network/network_manager.c:98:1:network_set_dhcp	0	static
src/network/network_manager.c:106:1:network_ping	16	static
src/network/network_manager.c:123:1:network_task	8	static
src/network/network_manager.c:133:1:network_http_start	8	static
src/network/network_manager.c:141:1:network_http_stop	8	static
src/network/network_manager.c:148:1:network_http_get_status	16	static
src/network/network_manager.c:159:1:network_http_set_logging	8	static
src/network/network_manager.c:166:1:network_stream_start	8	static
src/network/network_manager.c:174:1:network_stream_stop	8	static
