src/odrive/odrive_manager.c:13:1:odrive_init	16	static
src/odrive/odrive_manager.c:20:1:odrive_ping	16	static
src/odrive/odrive_manager.c:27:1:odrive_enable	0	static
src/odrive/odrive_manager.c:33:1:odrive_disable	0	static
src/odrive/odrive_manager.c:39:1:odrive_estop	0	static
src/odrive/odrive_manager.c:45:1:odrive_clear_errors	0	static
src/odrive/odrive_manager.c:51:1:odrive_calibrate	24	static
src/odrive/odrive_manager.c:83:1:odrive_set_limits	0	static
src/odrive/odrive_manager.c:89:1:odrive_set_controller_mode	0	static
src/odrive/odrive_manager.c:106:1:odrive_set_position_gain	0	static
src/odrive/odrive_manager.c:112:1:odrive_set_velocity_gains	0	static
src/odrive/odrive_manager.c:118:1:odrive_set_torque	0	static
src/odrive/odrive_manager.c:124:1:odrive_set_velocity	0	static
src/odrive/odrive_manager.c:130:1:odrive_set_position	0	static
src/odrive/odrive_manager.c:136:1:odrive_get_status	16	static
src/odrive/odrive_manager.c:154:1:odrive_get_encoder	24	static
src/odrive/odrive_manager.c:169:1:odrive_get_telemetry	24	static
src/odrive/odrive_manager.c:186:1:can_get_bus_status	0	static
src/odrive/odrive_manager.c:195:1:can_send_raw_frame	0	static
