src/network/ping.c:319:1:ping_recv	112	static
src/network/ping.c:350:1:ping_send	24	static
src/network/ping.c:380:1:ping_timeout	8	static
src/network/ping.c:431:1:ping_finish_timeout	96	static
src/network/ping.c:412:1:ping_send_now	16	static
src/network/ping.c:455:1:ping_init	16	static
src/network/ping.c:476:6:ping_stop	8	static
src/network/ping.c:487:6:ping_set_uart	0	static
src/network/ping.c:495:6:ping_set_count	0	static
src/network/ping.c:500:10:ping_get_sent_count	0	static
src/network/ping.c:505:10:ping_get_recv_count	0	static
src/network/ping.c:510:9:ping_is_active	0	static
