src/network/rest_api.c:192:13:rest_send_response	296	static
src/network/rest_api.c:185:13:rest_send_json_error	144	static
src/network/rest_api.c:72:13:rest_format_float.part.0.constprop	16	static
src/network/rest_api.c:59:13:rest_log.constprop	152	static
inc/jsmn.h:268:14:jsmn_parse.constprop	48	static
src/network/rest_api.c:120:13:rest_token_string	16	static
src/network/rest_api.c:145:13:rest_token_float	56	static
src/network/rest_api.c:165:13:rest_token_int	56	static
src/network/rest_api.c:231:6:rest_api_handle_get_index	0	static
src/network/rest_api.c:235:6:rest_api_handle_get_config	2312	static
src/network/rest_api.c:286:6:rest_api_handle_get_status	2264	static
src/network/rest_api.c:347:6:rest_api_handle_post_config	1280	static
src/network/rest_api.c:486:6:rest_api_handle_post_control	1320	static
src/network/rest_api.c:609:6:rest_api_handle_get_presets	2416	static
src/network/rest_api.c:653:6:rest_api_handle_post_presets	1280	static
src/network/rest_api.c:829:6:rest_api_handle_get_odrive	760	static
src/network/rest_api.c:909:6:rest_api_handle_post_odrive	1256	static
src/network/rest_api.c:1035:6:rest_api_handle_get_can	768	static
src/network/rest_api.c:1117:6:rest_api_handle_get_stream	312	static
src/network/rest_api.c:1142:6:rest_api_handle_post_stream	1240	static
