2026-03-06 17:12:39,717 [PID 3655371] INFO Stopping classic server...
2026-03-06 17:12:39,718 [PID 3655371] INFO Socket is /tmp/pyre_server_a0ad5b0b32eeaf32.sock
2026-03-06 17:12:39,718 [PID 3655371] INFO No running Pyre server to stop.

2026-03-06 17:12:39,718 [PID 3655371] INFO Waiting for server...
2026-03-06 17:12:39,719 [PID 3655371] INFO Cannot find a running Pyre server. Starting a new one...
2026-03-06 17:12:39,719 [PID 3655371] INFO No binary specified, looking for `pyre.bin` in PATH
2026-03-06 17:12:39,719 [PID 3655371] INFO Pyre binary is located at `/home/uw/.cache/huggingface/lerobot/STEVE/prism_twin/.venv/bin/pyre.bin`
2026-03-06 17:12:39,719 [PID 3655371] INFO Could not determine the number of Pyre workers from configuration. Auto-set the value to 7.
2026-03-06 17:12:39,719 [PID 3655371] INFO No typeshed specified, looking for it...
2026-03-06 17:12:39,720 [PID 3655371] INFO Found: `/home/uw/.cache/huggingface/lerobot/STEVE/prism_twin/.venv/lib/pyre_check/typeshed`
2026-03-06 17:12:39,720 [PID 3655371] WARNING Cannot find a watchman root. Incremental check will not be functional since no filesystem updates will be sent to the Pyre server.
2026-03-06 17:12:39,720 [PID 3655371] INFO Starting server at `/home/uw/.cache/huggingface/lerobot/STEVE`...
2026-03-06 17:12:39,720 [PID 3655371] INFO Writing arguments into /tmp/pyre_arguments_3ad2hd_h.json...
2026-03-06 17:12:39,721 [PID 3655371] DEBUG Arguments:
{
  "source_paths": {
    "kind": "simple",
    "paths": [
      "/home/uw/.cache/huggingface/lerobot/STEVE/prism_twin",
      "/home/uw/.cache/huggingface/lerobot/STEVE"
    ]
  },
  "search_paths": [
    "/home/uw/.cache/huggingface/lerobot/STEVE/prism_twin/.venv/lib/pyre_check/typeshed/stdlib",
    "/home/uw/.cache/huggingface/lerobot/STEVE/prism_twin/.venv/lib/pyre_check/typeshed/stubs/ExifRead",
    "/home/uw/.cache/huggingface/lerobot/STEVE/prism_twin/.venv/lib/pyre_check/typeshed/stubs/PyMySQL",
    "/home/uw/.cache/huggingface/lerobot/STEVE/prism_twin/.venv/lib/pyre_check/typeshed/stubs/PyYAML",
    "/home/uw/.cache/huggingface/lerobot/STEVE/prism_twin/.venv/lib/pyre_check/typeshed/stubs/aiofiles",
    "/home/uw/.cache/huggingface/lerobot/STEVE/prism_twin/.venv/lib/pyre_check/typeshed/stubs/chevron",
    "/home/uw/.cache/huggingface/lerobot/STEVE/prism_twin/.venv/lib/pyre_check/typeshed/stubs/colorama",
    "/home/uw/.cache/huggingface/lerobot/STEVE/prism_twin/.venv/lib/pyre_check/typeshed/stubs/ldap3",
    "/home/uw/.cache/huggingface/lerobot/STEVE/prism_twin/.venv/lib/pyre_check/typeshed/stubs/mysqlclient",
    "/home/uw/.cache/huggingface/lerobot/STEVE/prism_twin/.venv/lib/pyre_check/typeshed/stubs/paramiko",
    "/home/uw/.cache/huggingface/lerobot/STEVE/prism_twin/.venv/lib/pyre_check/typeshed/stubs/psycopg2",
    "/home/uw/.cache/huggingface/lerobot/STEVE/prism_twin/.venv/lib/pyre_check/typeshed/stubs/pycurl",
    "/home/uw/.cache/huggingface/lerobot/STEVE/prism_twin/.venv/lib/pyre_check/typeshed/stubs/python-dateutil",
    "/home/uw/.cache/huggingface/lerobot/STEVE/prism_twin/.venv/lib/pyre_check/typeshed/stubs/pytz",
    "/home/uw/.cache/huggingface/lerobot/STEVE/prism_twin/.venv/lib/pyre_check/typeshed/stubs/regex",
    "/home/uw/.cache/huggingface/lerobot/STEVE/prism_twin/.venv/lib/pyre_check/typeshed/stubs/requests",
    "/home/uw/.cache/huggingface/lerobot/STEVE/prism_twin/.venv/lib/pyre_check/typeshed/stubs/retry",
    "/home/uw/.cache/huggingface/lerobot/STEVE/prism_twin/.venv/lib/pyre_check/typeshed/stubs/tqdm",
    "/home/uw/.cache/huggingface/lerobot/STEVE/prism_twin/.venv/lib/pyre_check/typeshed/stubs/ujson"
  ],
  "excludes": [],
  "checked_directory_allowlist": [
    "/home/uw/.cache/huggingface/lerobot/STEVE",
    "/home/uw/.cache/huggingface/lerobot/STEVE/prism_twin"
  ],
  "checked_directory_blocklist": [],
  "extensions": [],
  "log_path": "/home/uw/.cache/huggingface/lerobot/STEVE/.pyre",
  "global_root": "/home/uw/.cache/huggingface/lerobot/STEVE",
  "debug": false,
  "python_version": {
    "major": 3,
    "minor": 12,
    "micro": 3
  },
  "system_platform": "linux",
  "shared_memory": {},
  "parallel": true,
  "number_of_workers": 7,
  "strict": false,
  "socket_path": "/tmp/pyre_server_a0ad5b0b32eeaf32.sock",
  "show_error_traces": false,
  "additional_logging_sections": [
    "server"
  ],
  "taint_model_paths": [],
  "store_type_check_resolution": false,
  "critical_files": [
    {
      "full_path": "/home/uw/.cache/huggingface/lerobot/STEVE/.pyre_configuration"
    }
  ],
  "skip_initial_type_check": false,
  "use_lazy_module_tracking": false,
  "analyze_external_sources": false
}
2026-03-06 17:12:39,722 [PID 3655371] INFO Server is starting in the background.

2026-03-06 17:12:39,753 [PID 3655371] PERFORMANCE  Initialized shared memory (heap size: 8589934592, dep table pow: 27, hash table pow: 26): 0.002s
2026-03-06 17:12:39,764 [PID 3655371] PERFORMANCE  Initialized multiprocessing workers (workers: 7): 0.008s
2026-03-06 17:12:39,764 [PID 3655371] INFO  Server has started listening on socket `/tmp/pyre_server_a0ad5b0b32eeaf32.sock`
2026-03-06 17:12:39,764 [PID 3655371] INFO  Initializing server state from scratch...
2026-03-06 17:12:39,764 [PID 3655371] INFO  Building module tracker...
2026-03-06 17:12:39,856 [PID 3655371] PERFORMANCE  Module tracker built: 0.095s
2026-03-06 17:12:39,856 [PID 3655371] PERFORMANCE  Full environment built: 0.095s
2026-03-06 17:12:39,856 [PID 3655371] INFO  Collecting all definitions...
2026-03-06 17:12:40,252 [PID 3655371] INFO <unknown>:25: SyntaxWarning: invalid escape sequence '\D'
2026-03-06 17:12:40,252 [PID 3655371] INFO <unknown>:26: SyntaxWarning: invalid escape sequence '\D'
2026-03-06 17:12:40,648 [PID 3655371] INFO <unknown>:25: SyntaxWarning: invalid escape sequence '\D'
2026-03-06 17:12:40,648 [PID 3655371] INFO <unknown>:26: SyntaxWarning: invalid escape sequence '\D'
2026-03-06 17:12:40,800 [PID 3655371] PERFORMANCE  Collected definitions (defines: 20956): 0.942s
2026-03-06 17:12:40,801 [PID 3655371] INFO  Checking 20956 functions...
2026-03-06 17:12:43,271 [PID 3655371] INFO  Processed 1497 of 20956 functions
2026-03-06 17:12:43,464 [PID 3655371] INFO  Processed 2994 of 20956 functions
2026-03-06 17:12:43,728 [PID 3655371] INFO  Processed 4491 of 20956 functions
2026-03-06 17:12:43,738 [PID 3655371] INFO  Processed 5988 of 20956 functions
2026-03-06 17:12:43,749 [PID 3655371] INFO  Processed 7485 of 20956 functions
2026-03-06 17:12:43,790 [PID 3655371] INFO  Processed 8982 of 20956 functions
2026-03-06 17:12:44,434 [PID 3655371] INFO  Processed 10479 of 20956 functions
2026-03-06 17:12:45,655 [PID 3655371] INFO  Processed 11976 of 20956 functions
2026-03-06 17:12:45,767 [PID 3655371] INFO  Processed 13473 of 20956 functions
2026-03-06 17:12:45,828 [PID 3655371] INFO  Processed 14970 of 20956 functions
2026-03-06 17:12:45,869 [PID 3655371] INFO  Processed 16467 of 20956 functions
2026-03-06 17:12:46,051 [PID 3655371] INFO  Processed 17964 of 20956 functions
2026-03-06 17:12:46,133 [PID 3655371] INFO  Processed 19461 of 20956 functions
2026-03-06 17:12:46,325 [PID 3655371] INFO  Processed 20956 of 20956 functions
2026-03-06 17:12:46,325 [PID 3655371] PERFORMANCE  Check_TypeCheck: 5.526s
2026-03-06 17:12:46,325 [PID 3655371] MEMORY  Shared memory size post-typecheck (size: 21)
2026-03-06 17:12:46,326 [PID 3655371] INFO  Postprocessing 995 sources...
2026-03-06 17:12:46,498 [PID 3655371] INFO  Postprocessed 137 of 995 sources
2026-03-06 17:12:46,519 [PID 3655371] INFO  Postprocessed 280 of 995 sources
2026-03-06 17:12:46,529 [PID 3655371] INFO  Postprocessed 423 of 995 sources
2026-03-06 17:12:46,560 [PID 3655371] INFO  Postprocessed 566 of 995 sources
2026-03-06 17:12:46,571 [PID 3655371] INFO  Postprocessed 709 of 995 sources
2026-03-06 17:12:46,602 [PID 3655371] INFO  Postprocessed 852 of 995 sources
2026-03-06 17:12:46,714 [PID 3655371] INFO Waiting for server...
2026-03-06 17:12:46,725 [PID 3655371] SERVER  Connection established
2026-03-06 17:12:46,725 [PID 3655371] SERVER  Processing request (DisplayTypeError())...
2026-03-06 17:12:46,786 [PID 3655371] PERFORMANCE  Server request (binary_version: 7873fbf76ce7a1f3b02a527f4e2ee8ac50ca6843, request kind: DisplayTypeErrors): 0.067s
2026-03-06 17:12:46,786 [PID 3655371] SERVER  Request `(DisplayTypeError())` processed
2026-03-06 17:12:46,809 [PID 3655371] SERVER  Connection closed
2026-03-06 17:12:46,848 [PID 3655371] ERROR Found 1387 type errors!
2026-03-06 17:12:56,092 [PID 3655596] INFO No binary specified, looking for `pyre.bin` in PATH
2026-03-06 17:12:56,093 [PID 3655596] INFO Pyre binary is located at `/home/uw/.cache/huggingface/lerobot/STEVE/prism_twin/.venv/bin/pyre.bin`
2026-03-06 17:12:56,093 [PID 3655596] INFO Could not determine the number of Pyre workers from configuration. Auto-set the value to 7.
2026-03-06 17:12:56,094 [PID 3655596] INFO No typeshed specified, looking for it...
2026-03-06 17:12:56,095 [PID 3655596] INFO Found: `/home/uw/.cache/huggingface/lerobot/STEVE/prism_twin/.venv/lib/pyre_check/typeshed`
2026-03-06 17:12:56,097 [PID 3655596] INFO Writing arguments into /tmp/pyre_arguments_6x50zbl5.json...
2026-03-06 17:12:56,098 [PID 3655596] DEBUG Arguments:
{
  "source_paths": {
    "kind": "simple",
    "paths": [
      "/home/uw/.cache/huggingface/lerobot/STEVE/prism_twin",
      "/home/uw/.cache/huggingface/lerobot/STEVE"
    ]
  },
  "search_paths": [
    "/home/uw/.cache/huggingface/lerobot/STEVE/prism_twin/.venv/lib/pyre_check/typeshed/stdlib",
    "/home/uw/.cache/huggingface/lerobot/STEVE/prism_twin/.venv/lib/pyre_check/typeshed/stubs/ExifRead",
    "/home/uw/.cache/huggingface/lerobot/STEVE/prism_twin/.venv/lib/pyre_check/typeshed/stubs/PyMySQL",
    "/home/uw/.cache/huggingface/lerobot/STEVE/prism_twin/.venv/lib/pyre_check/typeshed/stubs/PyYAML",
    "/home/uw/.cache/huggingface/lerobot/STEVE/prism_twin/.venv/lib/pyre_check/typeshed/stubs/aiofiles",
    "/home/uw/.cache/huggingface/lerobot/STEVE/prism_twin/.venv/lib/pyre_check/typeshed/stubs/chevron",
    "/home/uw/.cache/huggingface/lerobot/STEVE/prism_twin/.venv/lib/pyre_check/typeshed/stubs/colorama",
    "/home/uw/.cache/huggingface/lerobot/STEVE/prism_twin/.venv/lib/pyre_check/typeshed/stubs/ldap3",
    "/home/uw/.cache/huggingface/lerobot/STEVE/prism_twin/.venv/lib/pyre_check/typeshed/stubs/mysqlclient",
    "/home/uw/.cache/huggingface/lerobot/STEVE/prism_twin/.venv/lib/pyre_check/typeshed/stubs/paramiko",
    "/home/uw/.cache/huggingface/lerobot/STEVE/prism_twin/.venv/lib/pyre_check/typeshed/stubs/psycopg2",
    "/home/uw/.cache/huggingface/lerobot/STEVE/prism_twin/.venv/lib/pyre_check/typeshed/stubs/pycurl",
    "/home/uw/.cache/huggingface/lerobot/STEVE/prism_twin/.venv/lib/pyre_check/typeshed/stubs/python-dateutil",
    "/home/uw/.cache/huggingface/lerobot/STEVE/prism_twin/.venv/lib/pyre_check/typeshed/stubs/pytz",
    "/home/uw/.cache/huggingface/lerobot/STEVE/prism_twin/.venv/lib/pyre_check/typeshed/stubs/regex",
    "/home/uw/.cache/huggingface/lerobot/STEVE/prism_twin/.venv/lib/pyre_check/typeshed/stubs/requests",
    "/home/uw/.cache/huggingface/lerobot/STEVE/prism_twin/.venv/lib/pyre_check/typeshed/stubs/retry",
    "/home/uw/.cache/huggingface/lerobot/STEVE/prism_twin/.venv/lib/pyre_check/typeshed/stubs/tqdm",
    "/home/uw/.cache/huggingface/lerobot/STEVE/prism_twin/.venv/lib/pyre_check/typeshed/stubs/ujson"
  ],
  "excludes": [],
  "checked_directory_allowlist": [
    "/home/uw/.cache/huggingface/lerobot/STEVE/prism_twin",
    "/home/uw/.cache/huggingface/lerobot/STEVE"
  ],
  "checked_directory_blocklist": [],
  "extensions": [],
  "log_path": "/home/uw/.cache/huggingface/lerobot/STEVE/.pyre",
  "global_root": "/home/uw/.cache/huggingface/lerobot/STEVE",
  "debug": false,
  "python_version": {
    "major": 3,
    "minor": 12,
    "micro": 3
  },
  "system_platform": "linux",
  "shared_memory": {},
  "parallel": true,
  "number_of_workers": 7,
  "additional_logging_sections": [],
  "show_error_traces": false,
  "strict": false
}
2026-03-06 17:12:56,139 [PID 3655596] PERFORMANCE  Initialized shared memory (heap size: 8589934592, dep table pow: 1, hash table pow: 26): 0.001s
2026-03-06 17:12:56,139 [PID 3655596] PERFORMANCE  Initialized multiprocessing workers (workers: 7): 0.007s
2026-03-06 17:12:56,139 [PID 3655596] INFO  Building module tracker...
2026-03-06 17:12:56,241 [PID 3655596] PERFORMANCE  Module tracker built: 0.096s
2026-03-06 17:12:56,241 [PID 3655596] PERFORMANCE  Full environment built: 0.096s
2026-03-06 17:12:56,241 [PID 3655596] INFO  Collecting all definitions...
2026-03-06 17:12:56,657 [PID 3655596] INFO <unknown>:25: SyntaxWarning: invalid escape sequence '\D'
2026-03-06 17:12:56,657 [PID 3655596] INFO <unknown>:26: SyntaxWarning: invalid escape sequence '\D'
2026-03-06 17:12:56,962 [PID 3655596] INFO <unknown>:25: SyntaxWarning: invalid escape sequence '\D'
2026-03-06 17:12:56,962 [PID 3655596] INFO <unknown>:26: SyntaxWarning: invalid escape sequence '\D'
2026-03-06 17:12:57,114 [PID 3655596] PERFORMANCE  Collected definitions (defines: 20956): 0.872s
2026-03-06 17:12:57,114 [PID 3655596] INFO  Checking 20956 functions...
2026-03-06 17:12:58,833 [PID 3655596] INFO  Processed 1497 of 20956 functions
2026-03-06 17:12:58,925 [PID 3655596] INFO  Processed 2994 of 20956 functions
2026-03-06 17:12:59,098 [PID 3655596] INFO  Processed 4491 of 20956 functions
2026-03-06 17:12:59,270 [PID 3655596] INFO  Processed 5988 of 20956 functions
2026-03-06 17:12:59,494 [PID 3655596] INFO  Processed 7485 of 20956 functions
2026-03-06 17:12:59,738 [PID 3655596] INFO  Processed 8982 of 20956 functions
2026-03-06 17:12:59,738 [PID 3655596] INFO  Processed 10479 of 20956 functions
2026-03-06 17:13:00,441 [PID 3655596] INFO  Processed 11976 of 20956 functions
2026-03-06 17:13:00,847 [PID 3655596] INFO  Processed 13473 of 20956 functions
2026-03-06 17:13:00,898 [PID 3655596] INFO  Processed 14970 of 20956 functions
2026-03-06 17:13:00,909 [PID 3655596] INFO  Processed 16467 of 20956 functions
2026-03-06 17:13:01,061 [PID 3655596] INFO  Processed 17964 of 20956 functions
2026-03-06 17:13:01,092 [PID 3655596] INFO  Processed 19459 of 20956 functions
2026-03-06 17:13:01,193 [PID 3655596] INFO  Processed 20956 of 20956 functions
2026-03-06 17:13:01,194 [PID 3655596] PERFORMANCE  Check_TypeCheck: 4.080s
2026-03-06 17:13:01,194 [PID 3655596] MEMORY  Shared memory size post-typecheck (size: 22)
2026-03-06 17:13:01,194 [PID 3655596] INFO  Postprocessing 995 sources...
2026-03-06 17:13:01,346 [PID 3655596] INFO  Postprocessed 143 of 995 sources
2026-03-06 17:13:01,367 [PID 3655596] INFO  Postprocessed 280 of 995 sources
2026-03-06 17:13:01,377 [PID 3655596] INFO  Postprocessed 423 of 995 sources
2026-03-06 17:13:01,398 [PID 3655596] INFO  Postprocessed 566 of 995 sources
2026-03-06 17:13:01,398 [PID 3655596] INFO  Postprocessed 709 of 995 sources
2026-03-06 17:13:01,399 [PID 3655596] INFO  Postprocessed 852 of 995 sources
2026-03-06 17:13:01,460 [PID 3655596] INFO  Postprocessed 995 of 995 sources
2026-03-06 17:13:01,460 [PID 3655596] PERFORMANCE  Check_Postprocessing: 0.268s
2026-03-06 17:13:01,460 [PID 3655596] PERFORMANCE  Check (request kind: FullCheck): 5.317s
2026-03-06 17:13:01,730 [PID 3655596] ERROR Found 1387 type errors!
2026-03-06 17:13:11,418 [PID 3655763] INFO No binary specified, looking for `pyre.bin` in PATH
2026-03-06 17:13:11,418 [PID 3655763] INFO Pyre binary is located at `/home/uw/.cache/huggingface/lerobot/STEVE/prism_twin/.venv/bin/pyre.bin`
2026-03-06 17:13:11,419 [PID 3655763] INFO Could not determine the number of Pyre workers from configuration. Auto-set the value to 7.
2026-03-06 17:13:11,419 [PID 3655763] INFO No typeshed specified, looking for it...
2026-03-06 17:13:11,419 [PID 3655763] INFO Found: `/home/uw/.cache/huggingface/lerobot/STEVE/prism_twin/.venv/lib/pyre_check/typeshed`
2026-03-06 17:13:11,420 [PID 3655763] INFO Writing arguments into /tmp/pyre_arguments_1t6b2_7b.json...
2026-03-06 17:13:11,420 [PID 3655763] DEBUG Arguments:
{
  "source_paths": {
    "kind": "simple",
    "paths": [
      "/home/uw/.cache/huggingface/lerobot/STEVE/prism_twin",
      "/home/uw/.cache/huggingface/lerobot/STEVE"
    ]
  },
  "search_paths": [
    "/home/uw/.cache/huggingface/lerobot/STEVE/prism_twin/.venv/lib/pyre_check/typeshed/stdlib",
    "/home/uw/.cache/huggingface/lerobot/STEVE/prism_twin/.venv/lib/pyre_check/typeshed/stubs/ExifRead",
    "/home/uw/.cache/huggingface/lerobot/STEVE/prism_twin/.venv/lib/pyre_check/typeshed/stubs/PyMySQL",
    "/home/uw/.cache/huggingface/lerobot/STEVE/prism_twin/.venv/lib/pyre_check/typeshed/stubs/PyYAML",
    "/home/uw/.cache/huggingface/lerobot/STEVE/prism_twin/.venv/lib/pyre_check/typeshed/stubs/aiofiles",
    "/home/uw/.cache/huggingface/lerobot/STEVE/prism_twin/.venv/lib/pyre_check/typeshed/stubs/chevron",
    "/home/uw/.cache/huggingface/lerobot/STEVE/prism_twin/.venv/lib/pyre_check/typeshed/stubs/colorama",
    "/home/uw/.cache/huggingface/lerobot/STEVE/prism_twin/.venv/lib/pyre_check/typeshed/stubs/ldap3",
    "/home/uw/.cache/huggingface/lerobot/STEVE/prism_twin/.venv/lib/pyre_check/typeshed/stubs/mysqlclient",
    "/home/uw/.cache/huggingface/lerobot/STEVE/prism_twin/.venv/lib/pyre_check/typeshed/stubs/paramiko",
    "/home/uw/.cache/huggingface/lerobot/STEVE/prism_twin/.venv/lib/pyre_check/typeshed/stubs/psycopg2",
    "/home/uw/.cache/huggingface/lerobot/STEVE/prism_twin/.venv/lib/pyre_check/typeshed/stubs/pycurl",
    "/home/uw/.cache/huggingface/lerobot/STEVE/prism_twin/.venv/lib/pyre_check/typeshed/stubs/python-dateutil",
    "/home/uw/.cache/huggingface/lerobot/STEVE/prism_twin/.venv/lib/pyre_check/typeshed/stubs/pytz",
    "/home/uw/.cache/huggingface/lerobot/STEVE/prism_twin/.venv/lib/pyre_check/typeshed/stubs/regex",
    "/home/uw/.cache/huggingface/lerobot/STEVE/prism_twin/.venv/lib/pyre_check/typeshed/stubs/requests",
    "/home/uw/.cache/huggingface/lerobot/STEVE/prism_twin/.venv/lib/pyre_check/typeshed/stubs/retry",
    "/home/uw/.cache/huggingface/lerobot/STEVE/prism_twin/.venv/lib/pyre_check/typeshed/stubs/tqdm",
    "/home/uw/.cache/huggingface/lerobot/STEVE/prism_twin/.venv/lib/pyre_check/typeshed/stubs/ujson"
  ],
  "excludes": [],
  "checked_directory_allowlist": [
    "/home/uw/.cache/huggingface/lerobot/STEVE",
    "/home/uw/.cache/huggingface/lerobot/STEVE/prism_twin"
  ],
  "checked_directory_blocklist": [],
  "extensions": [],
  "log_path": "/home/uw/.cache/huggingface/lerobot/STEVE/.pyre",
  "global_root": "/home/uw/.cache/huggingface/lerobot/STEVE",
  "debug": false,
  "python_version": {
    "major": 3,
    "minor": 12,
    "micro": 3
  },
  "system_platform": "linux",
  "shared_memory": {},
  "parallel": true,
  "number_of_workers": 7,
  "additional_logging_sections": [],
  "show_error_traces": false,
  "strict": false
}
2026-03-06 17:13:11,451 [PID 3655763] PERFORMANCE  Initialized shared memory (heap size: 8589934592, dep table pow: 1, hash table pow: 26): 0.002s
2026-03-06 17:13:11,461 [PID 3655763] PERFORMANCE  Initialized multiprocessing workers (workers: 7): 0.006s
2026-03-06 17:13:11,462 [PID 3655763] INFO  Building module tracker...
2026-03-06 17:13:11,553 [PID 3655763] PERFORMANCE  Module tracker built: 0.093s
2026-03-06 17:13:11,553 [PID 3655763] PERFORMANCE  Full environment built: 0.094s
2026-03-06 17:13:11,553 [PID 3655763] INFO  Collecting all definitions...
2026-03-06 17:13:11,999 [PID 3655763] INFO <unknown>:25: SyntaxWarning: invalid escape sequence '\D'
2026-03-06 17:13:12,000 [PID 3655763] INFO <unknown>:26: SyntaxWarning: invalid escape sequence '\D'
2026-03-06 17:13:12,243 [PID 3655763] INFO <unknown>:25: SyntaxWarning: invalid escape sequence '\D'
2026-03-06 17:13:12,243 [PID 3655763] INFO <unknown>:26: SyntaxWarning: invalid escape sequence '\D'
2026-03-06 17:13:12,406 [PID 3655763] PERFORMANCE  Collected definitions (defines: 20956): 0.848s
2026-03-06 17:13:12,406 [PID 3655763] INFO  Checking 20956 functions...
2026-03-06 17:13:14,099 [PID 3655763] INFO  Processed 1497 of 20956 functions
2026-03-06 17:13:14,313 [PID 3655763] INFO  Processed 2994 of 20956 functions
2026-03-06 17:13:14,364 [PID 3655763] INFO  Processed 4491 of 20956 functions
2026-03-06 17:13:14,579 [PID 3655763] INFO  Processed 5988 of 20956 functions
2026-03-06 17:13:14,619 [PID 3655763] INFO  Processed 7485 of 20956 functions
2026-03-06 17:13:14,650 [PID 3655763] INFO  Processed 8982 of 20956 functions
2026-03-06 17:13:14,894 [PID 3655763] INFO  Processed 10479 of 20956 functions
2026-03-06 17:13:15,747 [PID 3655763] INFO  Processed 11976 of 20956 functions
2026-03-06 17:13:16,072 [PID 3655763] INFO  Processed 13473 of 20956 functions
2026-03-06 17:13:16,205 [PID 3655763] INFO  Processed 14970 of 20956 functions
2026-03-06 17:13:16,357 [PID 3655763] INFO  Processed 16467 of 20956 functions
2026-03-06 17:13:16,439 [PID 3655763] INFO  Processed 17964 of 20956 functions
2026-03-06 17:13:16,500 [PID 3655763] INFO  Processed 19461 of 20956 functions
2026-03-06 17:13:16,946 [PID 3655763] INFO  Processed 20956 of 20956 functions
2026-03-06 17:13:16,946 [PID 3655763] PERFORMANCE  Check_TypeCheck: 4.538s
2026-03-06 17:13:16,946 [PID 3655763] MEMORY  Shared memory size post-typecheck (size: 22)
2026-03-06 17:13:16,946 [PID 3655763] INFO  Postprocessing 995 sources...
2026-03-06 17:13:17,078 [PID 3655763] INFO  Postprocessed 137 of 995 sources
2026-03-06 17:13:17,099 [PID 3655763] INFO  Postprocessed 280 of 995 sources
2026-03-06 17:13:17,119 [PID 3655763] INFO  Postprocessed 423 of 995 sources
2026-03-06 17:13:17,130 [PID 3655763] INFO  Postprocessed 566 of 995 sources
2026-03-06 17:13:17,140 [PID 3655763] INFO  Postprocessed 709 of 995 sources
2026-03-06 17:13:17,151 [PID 3655763] INFO  Postprocessed 852 of 995 sources
2026-03-06 17:13:17,212 [PID 3655763] INFO  Postprocessed 995 of 995 sources
2026-03-06 17:13:17,212 [PID 3655763] PERFORMANCE  Check_Postprocessing: 0.266s
2026-03-06 17:13:17,212 [PID 3655763] PERFORMANCE  Check (request kind: FullCheck): 5.747s
2026-03-06 17:13:17,476 [PID 3655763] ERROR Found 1387 type errors!
2026-03-06 17:13:54,754 [PID 3655979] INFO No binary specified, looking for `pyre.bin` in PATH
2026-03-06 17:13:54,754 [PID 3655979] INFO Pyre binary is located at `/home/uw/.cache/huggingface/lerobot/STEVE/prism_twin/.venv/bin/pyre.bin`
2026-03-06 17:13:54,755 [PID 3655979] INFO Could not determine the number of Pyre workers from configuration. Auto-set the value to 7.
2026-03-06 17:13:54,755 [PID 3655979] INFO No typeshed specified, looking for it...
2026-03-06 17:13:54,755 [PID 3655979] INFO Found: `/home/uw/.cache/huggingface/lerobot/STEVE/prism_twin/.venv/lib/pyre_check/typeshed`
2026-03-06 17:13:54,756 [PID 3655979] INFO Writing arguments into /tmp/pyre_arguments_p3ixtu_q.json...
2026-03-06 17:13:54,756 [PID 3655979] DEBUG Arguments:
{
  "source_paths": {
    "kind": "simple",
    "paths": [
      "/home/uw/.cache/huggingface/lerobot/STEVE/prism_twin",
      "/home/uw/.cache/huggingface/lerobot/STEVE"
    ]
  },
  "search_paths": [
    "/home/uw/.cache/huggingface/lerobot/STEVE/prism_twin/.venv/lib/pyre_check/typeshed/stdlib",
    "/home/uw/.cache/huggingface/lerobot/STEVE/prism_twin/.venv/lib/pyre_check/typeshed/stubs/ExifRead",
    "/home/uw/.cache/huggingface/lerobot/STEVE/prism_twin/.venv/lib/pyre_check/typeshed/stubs/PyMySQL",
    "/home/uw/.cache/huggingface/lerobot/STEVE/prism_twin/.venv/lib/pyre_check/typeshed/stubs/PyYAML",
    "/home/uw/.cache/huggingface/lerobot/STEVE/prism_twin/.venv/lib/pyre_check/typeshed/stubs/aiofiles",
    "/home/uw/.cache/huggingface/lerobot/STEVE/prism_twin/.venv/lib/pyre_check/typeshed/stubs/chevron",
    "/home/uw/.cache/huggingface/lerobot/STEVE/prism_twin/.venv/lib/pyre_check/typeshed/stubs/colorama",
    "/home/uw/.cache/huggingface/lerobot/STEVE/prism_twin/.venv/lib/pyre_check/typeshed/stubs/ldap3",
    "/home/uw/.cache/huggingface/lerobot/STEVE/prism_twin/.venv/lib/pyre_check/typeshed/stubs/mysqlclient",
    "/home/uw/.cache/huggingface/lerobot/STEVE/prism_twin/.venv/lib/pyre_check/typeshed/stubs/paramiko",
    "/home/uw/.cache/huggingface/lerobot/STEVE/prism_twin/.venv/lib/pyre_check/typeshed/stubs/psycopg2",
    "/home/uw/.cache/huggingface/lerobot/STEVE/prism_twin/.venv/lib/pyre_check/typeshed/stubs/pycurl",
    "/home/uw/.cache/huggingface/lerobot/STEVE/prism_twin/.venv/lib/pyre_check/typeshed/stubs/python-dateutil",
    "/home/uw/.cache/huggingface/lerobot/STEVE/prism_twin/.venv/lib/pyre_check/typeshed/stubs/pytz",
    "/home/uw/.cache/huggingface/lerobot/STEVE/prism_twin/.venv/lib/pyre_check/typeshed/stubs/regex",
    "/home/uw/.cache/huggingface/lerobot/STEVE/prism_twin/.venv/lib/pyre_check/typeshed/stubs/requests",
    "/home/uw/.cache/huggingface/lerobot/STEVE/prism_twin/.venv/lib/pyre_check/typeshed/stubs/retry",
    "/home/uw/.cache/huggingface/lerobot/STEVE/prism_twin/.venv/lib/pyre_check/typeshed/stubs/tqdm",
    "/home/uw/.cache/huggingface/lerobot/STEVE/prism_twin/.venv/lib/pyre_check/typeshed/stubs/ujson"
  ],
  "excludes": [],
  "checked_directory_allowlist": [
    "/home/uw/.cache/huggingface/lerobot/STEVE/prism_twin",
    "/home/uw/.cache/huggingface/lerobot/STEVE"
  ],
  "checked_directory_blocklist": [],
  "extensions": [],
  "log_path": "/home/uw/.cache/huggingface/lerobot/STEVE/.pyre",
  "global_root": "/home/uw/.cache/huggingface/lerobot/STEVE",
  "debug": false,
  "python_version": {
    "major": 3,
    "minor": 12,
    "micro": 3
  },
  "system_platform": "linux",
  "shared_memory": {},
  "parallel": true,
  "number_of_workers": 7,
  "additional_logging_sections": [],
  "show_error_traces": false,
  "strict": false
}
2026-03-06 17:13:54,787 [PID 3655979] PERFORMANCE  Initialized shared memory (heap size: 8589934592, dep table pow: 1, hash table pow: 26): 0.001s
2026-03-06 17:13:54,797 [PID 3655979] PERFORMANCE  Initialized multiprocessing workers (workers: 7): 0.011s
2026-03-06 17:13:54,798 [PID 3655979] INFO  Building module tracker...
2026-03-06 17:13:54,899 [PID 3655979] PERFORMANCE  Module tracker built: 0.095s
2026-03-06 17:13:54,899 [PID 3655979] PERFORMANCE  Full environment built: 0.095s
2026-03-06 17:13:54,899 [PID 3655979] INFO  Collecting all definitions...
2026-03-06 17:13:55,244 [PID 3655979] INFO <unknown>:25: SyntaxWarning: invalid escape sequence '\D'
2026-03-06 17:13:55,245 [PID 3655979] INFO <unknown>:26: SyntaxWarning: invalid escape sequence '\D'
2026-03-06 17:13:55,732 [PID 3655979] INFO <unknown>:25: SyntaxWarning: invalid escape sequence '\D'
2026-03-06 17:13:55,732 [PID 3655979] INFO <unknown>:26: SyntaxWarning: invalid escape sequence '\D'
2026-03-06 17:13:55,884 [PID 3655979] PERFORMANCE  Collected definitions (defines: 20956): 0.988s
2026-03-06 17:13:55,885 [PID 3655979] INFO  Checking 20956 functions...
2026-03-06 17:13:57,560 [PID 3655979] INFO  Processed 1497 of 20956 functions
2026-03-06 17:13:57,836 [PID 3655979] INFO  Processed 2994 of 20956 functions
2026-03-06 17:13:57,856 [PID 3655979] INFO  Processed 4491 of 20956 functions
2026-03-06 17:13:57,939 [PID 3655979] INFO  Processed 5988 of 20956 functions
2026-03-06 17:13:58,206 [PID 3655979] INFO  Processed 7485 of 20956 functions
2026-03-06 17:13:58,236 [PID 3655979] INFO  Processed 8982 of 20956 functions
2026-03-06 17:13:58,409 [PID 3655979] INFO  Processed 10479 of 20956 functions
2026-03-06 17:13:59,293 [PID 3655979] INFO  Processed 11976 of 20956 functions
2026-03-06 17:13:59,374 [PID 3655979] INFO  Processed 13473 of 20956 functions
2026-03-06 17:13:59,456 [PID 3655979] INFO  Processed 14970 of 20956 functions
2026-03-06 17:13:59,527 [PID 3655979] INFO  Processed 16467 of 20956 functions
2026-03-06 17:13:59,750 [PID 3655979] INFO  Processed 17964 of 20956 functions
2026-03-06 17:13:59,882 [PID 3655979] INFO  Processed 19461 of 20956 functions
2026-03-06 17:13:59,994 [PID 3655979] INFO  Processed 20956 of 20956 functions
2026-03-06 17:13:59,995 [PID 3655979] PERFORMANCE  Check_TypeCheck: 4.111s
2026-03-06 17:13:59,995 [PID 3655979] MEMORY  Shared memory size post-typecheck (size: 22)
2026-03-06 17:13:59,995 [PID 3655979] INFO  Postprocessing 995 sources...
2026-03-06 17:14:00,147 [PID 3655979] INFO  Postprocessed 137 of 995 sources
2026-03-06 17:14:00,178 [PID 3655979] INFO  Postprocessed 280 of 995 sources
2026-03-06 17:14:00,178 [PID 3655979] INFO  Postprocessed 423 of 995 sources
2026-03-06 17:14:00,189 [PID 3655979] INFO  Postprocessed 566 of 995 sources
2026-03-06 17:14:00,199 [PID 3655979] INFO  Postprocessed 709 of 995 sources
2026-03-06 17:14:00,220 [PID 3655979] INFO  Postprocessed 852 of 995 sources
2026-03-06 17:14:00,271 [PID 3655979] INFO  Postprocessed 995 of 995 sources
2026-03-06 17:14:00,271 [PID 3655979] PERFORMANCE  Check_Postprocessing: 0.268s
2026-03-06 17:14:00,271 [PID 3655979] PERFORMANCE  Check (request kind: FullCheck): 5.465s
2026-03-06 17:14:00,527 [PID 3655979] ERROR Found 1387 type errors!
2026-03-06 17:15:10,396 [PID 3656262] INFO No binary specified, looking for `pyre.bin` in PATH
2026-03-06 17:15:10,397 [PID 3656262] INFO Pyre binary is located at `/home/uw/.cache/huggingface/lerobot/STEVE/prism_twin/.venv/bin/pyre.bin`
2026-03-06 17:15:10,397 [PID 3656262] INFO Could not determine the number of Pyre workers from configuration. Auto-set the value to 7.
2026-03-06 17:15:10,397 [PID 3656262] INFO No typeshed specified, looking for it...
2026-03-06 17:15:10,397 [PID 3656262] INFO Found: `/home/uw/.cache/huggingface/lerobot/STEVE/prism_twin/.venv/lib/pyre_check/typeshed`
2026-03-06 17:15:10,398 [PID 3656262] INFO Writing arguments into /tmp/pyre_arguments_xz6e8743.json...
2026-03-06 17:15:10,398 [PID 3656262] DEBUG Arguments:
{
  "source_paths": {
    "kind": "simple",
    "paths": [
      "/home/uw/.cache/huggingface/lerobot/STEVE/prism_twin",
      "/home/uw/.cache/huggingface/lerobot/STEVE"
    ]
  },
  "search_paths": [
    "/home/uw/.cache/huggingface/lerobot/STEVE/prism_twin/.venv/lib/pyre_check/typeshed/stdlib",
    "/home/uw/.cache/huggingface/lerobot/STEVE/prism_twin/.venv/lib/pyre_check/typeshed/stubs/ExifRead",
    "/home/uw/.cache/huggingface/lerobot/STEVE/prism_twin/.venv/lib/pyre_check/typeshed/stubs/PyMySQL",
    "/home/uw/.cache/huggingface/lerobot/STEVE/prism_twin/.venv/lib/pyre_check/typeshed/stubs/PyYAML",
    "/home/uw/.cache/huggingface/lerobot/STEVE/prism_twin/.venv/lib/pyre_check/typeshed/stubs/aiofiles",
    "/home/uw/.cache/huggingface/lerobot/STEVE/prism_twin/.venv/lib/pyre_check/typeshed/stubs/chevron",
    "/home/uw/.cache/huggingface/lerobot/STEVE/prism_twin/.venv/lib/pyre_check/typeshed/stubs/colorama",
    "/home/uw/.cache/huggingface/lerobot/STEVE/prism_twin/.venv/lib/pyre_check/typeshed/stubs/ldap3",
    "/home/uw/.cache/huggingface/lerobot/STEVE/prism_twin/.venv/lib/pyre_check/typeshed/stubs/mysqlclient",
    "/home/uw/.cache/huggingface/lerobot/STEVE/prism_twin/.venv/lib/pyre_check/typeshed/stubs/paramiko",
    "/home/uw/.cache/huggingface/lerobot/STEVE/prism_twin/.venv/lib/pyre_check/typeshed/stubs/psycopg2",
    "/home/uw/.cache/huggingface/lerobot/STEVE/prism_twin/.venv/lib/pyre_check/typeshed/stubs/pycurl",
    "/home/uw/.cache/huggingface/lerobot/STEVE/prism_twin/.venv/lib/pyre_check/typeshed/stubs/python-dateutil",
    "/home/uw/.cache/huggingface/lerobot/STEVE/prism_twin/.venv/lib/pyre_check/typeshed/stubs/pytz",
    "/home/uw/.cache/huggingface/lerobot/STEVE/prism_twin/.venv/lib/pyre_check/typeshed/stubs/regex",
    "/home/uw/.cache/huggingface/lerobot/STEVE/prism_twin/.venv/lib/pyre_check/typeshed/stubs/requests",
    "/home/uw/.cache/huggingface/lerobot/STEVE/prism_twin/.venv/lib/pyre_check/typeshed/stubs/retry",
    "/home/uw/.cache/huggingface/lerobot/STEVE/prism_twin/.venv/lib/pyre_check/typeshed/stubs/tqdm",
    "/home/uw/.cache/huggingface/lerobot/STEVE/prism_twin/.venv/lib/pyre_check/typeshed/stubs/ujson"
  ],
  "excludes": [],
  "checked_directory_allowlist": [
    "/home/uw/.cache/huggingface/lerobot/STEVE",
    "/home/uw/.cache/huggingface/lerobot/STEVE/prism_twin"
  ],
  "checked_directory_blocklist": [],
  "extensions": [],
  "log_path": "/home/uw/.cache/huggingface/lerobot/STEVE/.pyre",
  "global_root": "/home/uw/.cache/huggingface/lerobot/STEVE",
  "debug": false,
  "python_version": {
    "major": 3,
    "minor": 12,
    "micro": 3
  },
  "system_platform": "linux",
  "shared_memory": {},
  "parallel": true,
  "number_of_workers": 7,
  "additional_logging_sections": [],
  "show_error_traces": false,
  "strict": false
}
2026-03-06 17:15:10,439 [PID 3656262] PERFORMANCE  Initialized shared memory (heap size: 8589934592, dep table pow: 1, hash table pow: 26): 0.002s
2026-03-06 17:15:10,450 [PID 3656262] PERFORMANCE  Initialized multiprocessing workers (workers: 7): 0.007s
2026-03-06 17:15:10,450 [PID 3656262] INFO  Building module tracker...
2026-03-06 17:15:10,551 [PID 3656262] PERFORMANCE  Module tracker built: 0.097s
2026-03-06 17:15:10,552 [PID 3656262] PERFORMANCE  Full environment built: 0.098s
2026-03-06 17:15:10,552 [PID 3656262] INFO  Collecting all definitions...
2026-03-06 17:15:10,957 [PID 3656262] INFO <unknown>:25: SyntaxWarning: invalid escape sequence '\D'
2026-03-06 17:15:10,958 [PID 3656262] INFO <unknown>:26: SyntaxWarning: invalid escape sequence '\D'
2026-03-06 17:15:11,313 [PID 3656262] INFO <unknown>:25: SyntaxWarning: invalid escape sequence '\D'
2026-03-06 17:15:11,313 [PID 3656262] INFO <unknown>:26: SyntaxWarning: invalid escape sequence '\D'
2026-03-06 17:15:11,455 [PID 3656262] PERFORMANCE  Collected definitions (defines: 20956): 0.902s
2026-03-06 17:15:11,455 [PID 3656262] INFO  Checking 20956 functions...
2026-03-06 17:15:13,245 [PID 3656262] INFO  Processed 1497 of 20956 functions
2026-03-06 17:15:13,399 [PID 3656262] INFO  Processed 2994 of 20956 functions
2026-03-06 17:15:13,481 [PID 3656262] INFO  Processed 4491 of 20956 functions
2026-03-06 17:15:13,502 [PID 3656262] INFO  Processed 5988 of 20956 functions
2026-03-06 17:15:13,799 [PID 3656262] INFO  Processed 7485 of 20956 functions
2026-03-06 17:15:13,870 [PID 3656262] INFO  Processed 8982 of 20956 functions
2026-03-06 17:15:13,901 [PID 3656262] INFO  Processed 10479 of 20956 functions
2026-03-06 17:15:14,724 [PID 3656262] INFO  Processed 11976 of 20956 functions
2026-03-06 17:15:15,162 [PID 3656262] INFO  Processed 13473 of 20956 functions
2026-03-06 17:15:15,172 [PID 3656262] INFO  Processed 14970 of 20956 functions
2026-03-06 17:15:15,365 [PID 3656262] INFO  Processed 16467 of 20956 functions
2026-03-06 17:15:15,447 [PID 3656262] INFO  Processed 17964 of 20956 functions
2026-03-06 17:15:15,559 [PID 3656262] INFO  Processed 19459 of 20956 functions
2026-03-06 17:15:15,741 [PID 3656262] INFO  Processed 20956 of 20956 functions
2026-03-06 17:15:15,741 [PID 3656262] PERFORMANCE  Check_TypeCheck: 4.283s
2026-03-06 17:15:15,741 [PID 3656262] MEMORY  Shared memory size post-typecheck (size: 22)
2026-03-06 17:15:15,742 [PID 3656262] INFO  Postprocessing 995 sources...
2026-03-06 17:15:15,874 [PID 3656262] INFO  Postprocessed 137 of 995 sources
2026-03-06 17:15:15,895 [PID 3656262] INFO  Postprocessed 280 of 995 sources
2026-03-06 17:15:15,895 [PID 3656262] INFO  Postprocessed 423 of 995 sources
2026-03-06 17:15:15,905 [PID 3656262] INFO  Postprocessed 566 of 995 sources
2026-03-06 17:15:15,926 [PID 3656262] INFO  Postprocessed 709 of 995 sources
2026-03-06 17:15:15,926 [PID 3656262] INFO  Postprocessed 852 of 995 sources
2026-03-06 17:15:15,977 [PID 3656262] INFO  Postprocessed 995 of 995 sources
2026-03-06 17:15:15,977 [PID 3656262] PERFORMANCE  Check_Postprocessing: 0.237s
2026-03-06 17:15:15,977 [PID 3656262] PERFORMANCE  Check (request kind: FullCheck): 5.522s
2026-03-06 17:15:16,228 [PID 3656262] ERROR Found 1387 type errors!
